../Core/Src/main.c:102:5:main	8	static
../Core/Src/main.c:182:6:SystemClock_Config	88	static
../Core/Src/main.c:229:13:MX_ADC1_Init	56	static
../Core/Src/main.c:306:13:MX_LPUART1_UART_Init	8	static
../Core/Src/main.c:353:13:MX_TIM1_Init	56	static
../Core/Src/main.c:404:13:MX_TIM2_Init	40	static
../Core/Src/main.c:449:13:MX_TIM3_Init	64	static
../Core/Src/main.c:508:13:MX_TIM4_Init	64	static
../Core/Src/main.c:565:13:MX_DMA_Init	16	static
../Core/Src/main.c:584:13:MX_GPIO_Init	48	static
../Core/Src/main.c:631:6:HAL_TIM_PeriodElapsedCallback	32	static
../Core/Src/main.c:651:6:Part_I_PID_ADC	32	static
../Core/Src/main.c:694:6:Part_II_QEI	32	static
../Core/Src/main.c:736:6:HAL_GPIO_EXTI_Callback	16	static
../Core/Src/main.c:749:6:Error_Handler	4	static,ignoring_inline_asm
