19:53:00 **** Incremental Build of configuration Debug for project LAB_2 ****
make -j12 all 
arm-none-eabi-gcc "../Core/Src/main.c" -mcpu=cortex-m4 -std=gnu11 -g3 -DDEBUG -DUSE_HAL_DRIVER -DSTM32G474xx -c -I../Core/Inc -I../Drivers/STM32G4xx_HAL_Driver/Inc -I../Drivers/STM32G4xx_HAL_Driver/Inc/Legacy -I../Drivers/CMSIS/Device/ST/STM32G4xx/Include -I../Drivers/CMSIS/Include -I../Middlewares/Third_Party/ARM_CMSIS/CMSIS/Core/Include/ -I../Middlewares/Third_Party/ARM_CMSIS/PrivateInclude/ -I../Middlewares/Third_Party/ARM_CMSIS/Include/ -I../Middlewares/Third_Party/ARM_CMSIS/Include -I"E:/Fibo_2_2/FRA222_microcon/LAB_II/LAB_2/Source/BasicMathFunctions" -I"E:/Fibo_2_2/FRA222_microcon/LAB_II/LAB_2/Source/BayesFunctions" -I"E:/Fibo_2_2/FRA222_microcon/LAB_II/LAB_2/Source/CommonTables" -I"E:/Fibo_2_2/FRA222_microcon/LAB_II/LAB_2/Source/ComplexMathFunctions" -I"E:/Fibo_2_2/FRA222_microcon/LAB_II/LAB_2/Source/ControllerFunctions" -I"E:/Fibo_2_2/FRA222_microcon/LAB_II/LAB_2/Source/DistanceFunctions" -I"E:/Fibo_2_2/FRA222_microcon/LAB_II/LAB_2/Source/FastMathFunctions" -I"E:/Fibo_2_2/FRA222_microcon/LAB_II/LAB_2/Source/FilteringFunctions" -I"E:/Fibo_2_2/FRA222_microcon/LAB_II/LAB_2/Source/InterpolationFunctions" -I"E:/Fibo_2_2/FRA222_microcon/LAB_II/LAB_2/Source/MatrixFunctions" -I"E:/Fibo_2_2/FRA222_microcon/LAB_II/LAB_2/Source/QuaternionMathFunctions" -I"E:/Fibo_2_2/FRA222_microcon/LAB_II/LAB_2/Source/StatisticsFunctions" -I"E:/Fibo_2_2/FRA222_microcon/LAB_II/LAB_2/Source/SupportFunctions" -I"E:/Fibo_2_2/FRA222_microcon/LAB_II/LAB_2/Source/SVMFunctions" -I"E:/Fibo_2_2/FRA222_microcon/LAB_II/LAB_2/Source/TransformFunctions" -I"E:/Fibo_2_2/FRA222_microcon/LAB_II/LAB_2/Source/WindowFunctions" -O0 -ffunction-sections -fdata-sections -Wall -fstack-usage -fcyclomatic-complexity -MMD -MP -MF"Core/Src/main.d" -MT"Core/Src/main.o" --specs=nano.specs -mfpu=fpv4-sp-d16 -mfloat-abi=hard -mthumb -o "Core/Src/main.o"
../Core/Src/main.c: In function 'main':
../Core/Src/main.c:136:29: warning: passing argument 2 of 'HAL_ADC_Start_DMA' from incompatible pointer type [-Wincompatible-pointer-types]
  136 |   HAL_ADC_Start_DMA(&hadc1, ADC_RawRead, 2);
      |                             ^~~~~~~~~~~
      |                             |
      |                             uint16_t * {aka short unsigned int *}
In file included from ../Core/Inc/stm32g4xx_hal_conf.h:228,
                 from ../Drivers/STM32G4xx_HAL_Driver/Inc/stm32g4xx_hal.h:29,
                 from ../Core/Inc/main.h:30,
                 from ../Core/Src/main.c:20:
../Drivers/STM32G4xx_HAL_Driver/Inc/stm32g4xx_hal_adc.h:2242:78: note: expected 'uint32_t *' {aka 'long unsigned int *'} but argument is of type 'uint16_t *' {aka 'short unsigned int *'}
 2242 | HAL_StatusTypeDef       HAL_ADC_Start_DMA(ADC_HandleTypeDef *hadc, uint32_t *pData, uint32_t Length);
      |                                                                    ~~~~~~~~~~^~~~~
arm-none-eabi-gcc -o "LAB_2.elf" @"objects.list"   -mcpu=cortex-m4 -T"E:\Fibo_2_2\FRA222_microcon\LAB_II\LAB_2\STM32G474RETX_FLASH.ld" --specs=nosys.specs -Wl,-Map="LAB_2.map" -Wl,--gc-sections -static --specs=nano.specs -mfpu=fpv4-sp-d16 -mfloat-abi=hard -mthumb -Wl,--start-group -lc -lm -Wl,--end-group
Finished building target: LAB_2.elf
 
arm-none-eabi-size  LAB_2.elf 
arm-none-eabi-objdump -h -S LAB_2.elf  > "LAB_2.list"
   text	   data	    bss	    dec	    hex	filename
  34152	     92	   2640	  36884	   9014	LAB_2.elf
Finished building: default.size.stdout
 
Finished building: LAB_2.list
 
19:56:42 **** Incremental Build of configuration Debug for project LAB_2 ****
make -j12 all 
arm-none-eabi-gcc "../Core/Src/main.c" -mcpu=cortex-m4 -std=gnu11 -g3 -DDEBUG -DUSE_HAL_DRIVER -DSTM32G474xx -c -I../Core/Inc -I../Drivers/STM32G4xx_HAL_Driver/Inc -I../Drivers/STM32G4xx_HAL_Driver/Inc/Legacy -I../Drivers/CMSIS/Device/ST/STM32G4xx/Include -I../Drivers/CMSIS/Include -I../Middlewares/Third_Party/ARM_CMSIS/CMSIS/Core/Include/ -I../Middlewares/Third_Party/ARM_CMSIS/PrivateInclude/ -I../Middlewares/Third_Party/ARM_CMSIS/Include/ -I../Middlewares/Third_Party/ARM_CMSIS/Include -I"E:/Fibo_2_2/FRA222_microcon/LAB_II/LAB_2/Source/BasicMathFunctions" -I"E:/Fibo_2_2/FRA222_microcon/LAB_II/LAB_2/Source/BayesFunctions" -I"E:/Fibo_2_2/FRA222_microcon/LAB_II/LAB_2/Source/CommonTables" -I"E:/Fibo_2_2/FRA222_microcon/LAB_II/LAB_2/Source/ComplexMathFunctions" -I"E:/Fibo_2_2/FRA222_microcon/LAB_II/LAB_2/Source/ControllerFunctions" -I"E:/Fibo_2_2/FRA222_microcon/LAB_II/LAB_2/Source/DistanceFunctions" -I"E:/Fibo_2_2/FRA222_microcon/LAB_II/LAB_2/Source/FastMathFunctions" -I"E:/Fibo_2_2/FRA222_microcon/LAB_II/LAB_2/Source/FilteringFunctions" -I"E:/Fibo_2_2/FRA222_microcon/LAB_II/LAB_2/Source/InterpolationFunctions" -I"E:/Fibo_2_2/FRA222_microcon/LAB_II/LAB_2/Source/MatrixFunctions" -I"E:/Fibo_2_2/FRA222_microcon/LAB_II/LAB_2/Source/QuaternionMathFunctions" -I"E:/Fibo_2_2/FRA222_microcon/LAB_II/LAB_2/Source/StatisticsFunctions" -I"E:/Fibo_2_2/FRA222_microcon/LAB_II/LAB_2/Source/SupportFunctions" -I"E:/Fibo_2_2/FRA222_microcon/LAB_II/LAB_2/Source/SVMFunctions" -I"E:/Fibo_2_2/FRA222_microcon/LAB_II/LAB_2/Source/TransformFunctions" -I"E:/Fibo_2_2/FRA222_microcon/LAB_II/LAB_2/Source/WindowFunctions" -O0 -ffunction-sections -fdata-sections -Wall -fstack-usage -fcyclomatic-complexity -MMD -MP -MF"Core/Src/main.d" -MT"Core/Src/main.o" --specs=nano.specs -mfpu=fpv4-sp-d16 -mfloat-abi=hard -mthumb -o "Core/Src/main.o"
../Core/Src/main.c: In function 'main':
../Core/Src/main.c:136:29: warning: passing argument 2 of 'HAL_ADC_Start_DMA' from incompatible pointer type [-Wincompatible-pointer-types]
  136 |   HAL_ADC_Start_DMA(&hadc1, ADC_RawRead, 2);
      |                             ^~~~~~~~~~~
      |                             |
      |                             uint16_t * {aka short unsigned int *}
In file included from ../Core/Inc/stm32g4xx_hal_conf.h:228,
                 from ../Drivers/STM32G4xx_HAL_Driver/Inc/stm32g4xx_hal.h:29,
                 from ../Core/Inc/main.h:30,
                 from ../Core/Src/main.c:20:
../Drivers/STM32G4xx_HAL_Driver/Inc/stm32g4xx_hal_adc.h:2242:78: note: expected 'uint32_t *' {aka 'long unsigned int *'} but argument is of type 'uint16_t *' {aka 'short unsigned int *'}
 2242 | HAL_StatusTypeDef       HAL_ADC_Start_DMA(ADC_HandleTypeDef *hadc, uint32_t *pData, uint32_t Length);
      |                                                                    ~~~~~~~~~~^~~~~
arm-none-eabi-gcc -o "LAB_2.elf" @"objects.list"   -mcpu=cortex-m4 -T"E:\Fibo_2_2\FRA222_microcon\LAB_II\LAB_2\STM32G474RETX_FLASH.ld" --specs=nosys.specs -Wl,-Map="LAB_2.map" -Wl,--gc-sections -static --specs=nano.specs -mfpu=fpv4-sp-d16 -mfloat-abi=hard -mthumb -Wl,--start-group -lc -lm -Wl,--end-group
Finished building target: LAB_2.elf
 
arm-none-eabi-size  LAB_2.elf 
arm-none-eabi-objdump -h -S LAB_2.elf  > "LAB_2.list"
   text	   data	    bss	    dec	    hex	filename
  34164	     92	   2672	  36928	   9040	LAB_2.elf
Finished building: default.size.stdout
 
Finished building: LAB_2.list
 
19:58:59 **** Incremental Build of configuration Debug for project LAB_2 ****
make -j12 all 
arm-none-eabi-gcc "../Core/Src/main.c" -mcpu=cortex-m4 -std=gnu11 -g3 -DDEBUG -DUSE_HAL_DRIVER -DSTM32G474xx -c -I../Core/Inc -I../Drivers/STM32G4xx_HAL_Driver/Inc -I../Drivers/STM32G4xx_HAL_Driver/Inc/Legacy -I../Drivers/CMSIS/Device/ST/STM32G4xx/Include -I../Drivers/CMSIS/Include -I../Middlewares/Third_Party/ARM_CMSIS/CMSIS/Core/Include/ -I../Middlewares/Third_Party/ARM_CMSIS/PrivateInclude/ -I../Middlewares/Third_Party/ARM_CMSIS/Include/ -I../Middlewares/Third_Party/ARM_CMSIS/Include -I"E:/Fibo_2_2/FRA222_microcon/LAB_II/LAB_2/Source/BasicMathFunctions" -I"E:/Fibo_2_2/FRA222_microcon/LAB_II/LAB_2/Source/BayesFunctions" -I"E:/Fibo_2_2/FRA222_microcon/LAB_II/LAB_2/Source/CommonTables" -I"E:/Fibo_2_2/FRA222_microcon/LAB_II/LAB_2/Source/ComplexMathFunctions" -I"E:/Fibo_2_2/FRA222_microcon/LAB_II/LAB_2/Source/ControllerFunctions" -I"E:/Fibo_2_2/FRA222_microcon/LAB_II/LAB_2/Source/DistanceFunctions" -I"E:/Fibo_2_2/FRA222_microcon/LAB_II/LAB_2/Source/FastMathFunctions" -I"E:/Fibo_2_2/FRA222_microcon/LAB_II/LAB_2/Source/FilteringFunctions" -I"E:/Fibo_2_2/FRA222_microcon/LAB_II/LAB_2/Source/InterpolationFunctions" -I"E:/Fibo_2_2/FRA222_microcon/LAB_II/LAB_2/Source/MatrixFunctions" -I"E:/Fibo_2_2/FRA222_microcon/LAB_II/LAB_2/Source/QuaternionMathFunctions" -I"E:/Fibo_2_2/FRA222_microcon/LAB_II/LAB_2/Source/StatisticsFunctions" -I"E:/Fibo_2_2/FRA222_microcon/LAB_II/LAB_2/Source/SupportFunctions" -I"E:/Fibo_2_2/FRA222_microcon/LAB_II/LAB_2/Source/SVMFunctions" -I"E:/Fibo_2_2/FRA222_microcon/LAB_II/LAB_2/Source/TransformFunctions" -I"E:/Fibo_2_2/FRA222_microcon/LAB_II/LAB_2/Source/WindowFunctions" -O0 -ffunction-sections -fdata-sections -Wall -fstack-usage -fcyclomatic-complexity -MMD -MP -MF"Core/Src/main.d" -MT"Core/Src/main.o" --specs=nano.specs -mfpu=fpv4-sp-d16 -mfloat-abi=hard -mthumb -o "Core/Src/main.o"
../Core/Src/main.c: In function 'main':
../Core/Src/main.c:136:29: warning: passing argument 2 of 'HAL_ADC_Start_DMA' from incompatible pointer type [-Wincompatible-pointer-types]
  136 |   HAL_ADC_Start_DMA(&hadc1, ADC_RawRead, 2);
      |                             ^~~~~~~~~~~
      |                             |
      |                             uint16_t * {aka short unsigned int *}
In file included from ../Core/Inc/stm32g4xx_hal_conf.h:228,
                 from ../Drivers/STM32G4xx_HAL_Driver/Inc/stm32g4xx_hal.h:29,
                 from ../Core/Inc/main.h:30,
                 from ../Core/Src/main.c:20:
../Drivers/STM32G4xx_HAL_Driver/Inc/stm32g4xx_hal_adc.h:2242:78: note: expected 'uint32_t *' {aka 'long unsigned int *'} but argument is of type 'uint16_t *' {aka 'short unsigned int *'}
 2242 | HAL_StatusTypeDef       HAL_ADC_Start_DMA(ADC_HandleTypeDef *hadc, uint32_t *pData, uint32_t Length);
      |                                                                    ~~~~~~~~~~^~~~~
arm-none-eabi-gcc -o "LAB_2.elf" @"objects.list"   -mcpu=cortex-m4 -T"E:\Fibo_2_2\FRA222_microcon\LAB_II\LAB_2\STM32G474RETX_FLASH.ld" --specs=nosys.specs -Wl,-Map="LAB_2.map" -Wl,--gc-sections -static --specs=nano.specs -mfpu=fpv4-sp-d16 -mfloat-abi=hard -mthumb -Wl,--start-group -lc -lm -Wl,--end-group
Finished building target: LAB_2.elf
 
arm-none-eabi-size  LAB_2.elf 
arm-none-eabi-objdump -h -S LAB_2.elf  > "LAB_2.list"
   text	   data	    bss	    dec	    hex	filename
  34148	     92	   2672	  36912	   9030	LAB_2.elf
Finished building: default.size.stdout
 
Finished building: LAB_2.list
 
20:06:48 **** Incremental Build of configuration Debug for project LAB_2 ****
make -j12 all 
arm-none-eabi-gcc "../Core/Src/main.c" -mcpu=cortex-m4 -std=gnu11 -g3 -DDEBUG -DUSE_HAL_DRIVER -DSTM32G474xx -c -I../Core/Inc -I../Drivers/STM32G4xx_HAL_Driver/Inc -I../Drivers/STM32G4xx_HAL_Driver/Inc/Legacy -I../Drivers/CMSIS/Device/ST/STM32G4xx/Include -I../Drivers/CMSIS/Include -I../Middlewares/Third_Party/ARM_CMSIS/CMSIS/Core/Include/ -I../Middlewares/Third_Party/ARM_CMSIS/PrivateInclude/ -I../Middlewares/Third_Party/ARM_CMSIS/Include/ -I../Middlewares/Third_Party/ARM_CMSIS/Include -I"E:/Fibo_2_2/FRA222_microcon/LAB_II/LAB_2/Source/BasicMathFunctions" -I"E:/Fibo_2_2/FRA222_microcon/LAB_II/LAB_2/Source/BayesFunctions" -I"E:/Fibo_2_2/FRA222_microcon/LAB_II/LAB_2/Source/CommonTables" -I"E:/Fibo_2_2/FRA222_microcon/LAB_II/LAB_2/Source/ComplexMathFunctions" -I"E:/Fibo_2_2/FRA222_microcon/LAB_II/LAB_2/Source/ControllerFunctions" -I"E:/Fibo_2_2/FRA222_microcon/LAB_II/LAB_2/Source/DistanceFunctions" -I"E:/Fibo_2_2/FRA222_microcon/LAB_II/LAB_2/Source/FastMathFunctions" -I"E:/Fibo_2_2/FRA222_microcon/LAB_II/LAB_2/Source/FilteringFunctions" -I"E:/Fibo_2_2/FRA222_microcon/LAB_II/LAB_2/Source/InterpolationFunctions" -I"E:/Fibo_2_2/FRA222_microcon/LAB_II/LAB_2/Source/MatrixFunctions" -I"E:/Fibo_2_2/FRA222_microcon/LAB_II/LAB_2/Source/QuaternionMathFunctions" -I"E:/Fibo_2_2/FRA222_microcon/LAB_II/LAB_2/Source/StatisticsFunctions" -I"E:/Fibo_2_2/FRA222_microcon/LAB_II/LAB_2/Source/SupportFunctions" -I"E:/Fibo_2_2/FRA222_microcon/LAB_II/LAB_2/Source/SVMFunctions" -I"E:/Fibo_2_2/FRA222_microcon/LAB_II/LAB_2/Source/TransformFunctions" -I"E:/Fibo_2_2/FRA222_microcon/LAB_II/LAB_2/Source/WindowFunctions" -O0 -ffunction-sections -fdata-sections -Wall -fstack-usage -fcyclomatic-complexity -MMD -MP -MF"Core/Src/main.d" -MT"Core/Src/main.o" --specs=nano.specs -mfpu=fpv4-sp-d16 -mfloat-abi=hard -mthumb -o "Core/Src/main.o"
../Core/Src/main.c: In function 'main':
../Core/Src/main.c:136:29: warning: passing argument 2 of 'HAL_ADC_Start_DMA' from incompatible pointer type [-Wincompatible-pointer-types]
  136 |   HAL_ADC_Start_DMA(&hadc1, ADC_RawRead, 2);
      |                             ^~~~~~~~~~~
      |                             |
      |                             uint16_t * {aka short unsigned int *}
In file included from ../Core/Inc/stm32g4xx_hal_conf.h:228,
                 from ../Drivers/STM32G4xx_HAL_Driver/Inc/stm32g4xx_hal.h:29,
                 from ../Core/Inc/main.h:30,
                 from ../Core/Src/main.c:20:
../Drivers/STM32G4xx_HAL_Driver/Inc/stm32g4xx_hal_adc.h:2242:78: note: expected 'uint32_t *' {aka 'long unsigned int *'} but argument is of type 'uint16_t *' {aka 'short unsigned int *'}
 2242 | HAL_StatusTypeDef       HAL_ADC_Start_DMA(ADC_HandleTypeDef *hadc, uint32_t *pData, uint32_t Length);
      |                                                                    ~~~~~~~~~~^~~~~
arm-none-eabi-gcc -o "LAB_2.elf" @"objects.list"   -mcpu=cortex-m4 -T"E:\Fibo_2_2\FRA222_microcon\LAB_II\LAB_2\STM32G474RETX_FLASH.ld" --specs=nosys.specs -Wl,-Map="LAB_2.map" -Wl,--gc-sections -static --specs=nano.specs -mfpu=fpv4-sp-d16 -mfloat-abi=hard -mthumb -Wl,--start-group -lc -lm -Wl,--end-group
Finished building target: LAB_2.elf
 
arm-none-eabi-size  LAB_2.elf 
arm-none-eabi-objdump -h -S LAB_2.elf  > "LAB_2.list"
   text	   data	    bss	    dec	    hex	filename
  34096	     92	   2672	  36860	   8ffc	LAB_2.elf
Finished building: default.size.stdout
 
Finished building: LAB_2.list
 
20:08:01 **** Incremental Build of configuration Debug for project LAB_2 ****
make -j12 all 
arm-none-eabi-gcc "../Core/Src/main.c" -mcpu=cortex-m4 -std=gnu11 -g3 -DDEBUG -DUSE_HAL_DRIVER -DSTM32G474xx -c -I../Core/Inc -I../Drivers/STM32G4xx_HAL_Driver/Inc -I../Drivers/STM32G4xx_HAL_Driver/Inc/Legacy -I../Drivers/CMSIS/Device/ST/STM32G4xx/Include -I../Drivers/CMSIS/Include -I../Middlewares/Third_Party/ARM_CMSIS/CMSIS/Core/Include/ -I../Middlewares/Third_Party/ARM_CMSIS/PrivateInclude/ -I../Middlewares/Third_Party/ARM_CMSIS/Include/ -I../Middlewares/Third_Party/ARM_CMSIS/Include -I"E:/Fibo_2_2/FRA222_microcon/LAB_II/LAB_2/Source/BasicMathFunctions" -I"E:/Fibo_2_2/FRA222_microcon/LAB_II/LAB_2/Source/BayesFunctions" -I"E:/Fibo_2_2/FRA222_microcon/LAB_II/LAB_2/Source/CommonTables" -I"E:/Fibo_2_2/FRA222_microcon/LAB_II/LAB_2/Source/ComplexMathFunctions" -I"E:/Fibo_2_2/FRA222_microcon/LAB_II/LAB_2/Source/ControllerFunctions" -I"E:/Fibo_2_2/FRA222_microcon/LAB_II/LAB_2/Source/DistanceFunctions" -I"E:/Fibo_2_2/FRA222_microcon/LAB_II/LAB_2/Source/FastMathFunctions" -I"E:/Fibo_2_2/FRA222_microcon/LAB_II/LAB_2/Source/FilteringFunctions" -I"E:/Fibo_2_2/FRA222_microcon/LAB_II/LAB_2/Source/InterpolationFunctions" -I"E:/Fibo_2_2/FRA222_microcon/LAB_II/LAB_2/Source/MatrixFunctions" -I"E:/Fibo_2_2/FRA222_microcon/LAB_II/LAB_2/Source/QuaternionMathFunctions" -I"E:/Fibo_2_2/FRA222_microcon/LAB_II/LAB_2/Source/StatisticsFunctions" -I"E:/Fibo_2_2/FRA222_microcon/LAB_II/LAB_2/Source/SupportFunctions" -I"E:/Fibo_2_2/FRA222_microcon/LAB_II/LAB_2/Source/SVMFunctions" -I"E:/Fibo_2_2/FRA222_microcon/LAB_II/LAB_2/Source/TransformFunctions" -I"E:/Fibo_2_2/FRA222_microcon/LAB_II/LAB_2/Source/WindowFunctions" -O0 -ffunction-sections -fdata-sections -Wall -fstack-usage -fcyclomatic-complexity -MMD -MP -MF"Core/Src/main.d" -MT"Core/Src/main.o" --specs=nano.specs -mfpu=fpv4-sp-d16 -mfloat-abi=hard -mthumb -o "Core/Src/main.o"
../Core/Src/main.c: In function 'main':
../Core/Src/main.c:136:29: warning: passing argument 2 of 'HAL_ADC_Start_DMA' from incompatible pointer type [-Wincompatible-pointer-types]
  136 |   HAL_ADC_Start_DMA(&hadc1, ADC_RawRead, 2);
      |                             ^~~~~~~~~~~
      |                             |
      |                             uint16_t * {aka short unsigned int *}
In file included from ../Core/Inc/stm32g4xx_hal_conf.h:228,
                 from ../Drivers/STM32G4xx_HAL_Driver/Inc/stm32g4xx_hal.h:29,
                 from ../Core/Inc/main.h:30,
                 from ../Core/Src/main.c:20:
../Drivers/STM32G4xx_HAL_Driver/Inc/stm32g4xx_hal_adc.h:2242:78: note: expected 'uint32_t *' {aka 'long unsigned int *'} but argument is of type 'uint16_t *' {aka 'short unsigned int *'}
 2242 | HAL_StatusTypeDef       HAL_ADC_Start_DMA(ADC_HandleTypeDef *hadc, uint32_t *pData, uint32_t Length);
      |                                                                    ~~~~~~~~~~^~~~~
arm-none-eabi-gcc -o "LAB_2.elf" @"objects.list"   -mcpu=cortex-m4 -T"E:\Fibo_2_2\FRA222_microcon\LAB_II\LAB_2\STM32G474RETX_FLASH.ld" --specs=nosys.specs -Wl,-Map="LAB_2.map" -Wl,--gc-sections -static --specs=nano.specs -mfpu=fpv4-sp-d16 -mfloat-abi=hard -mthumb -Wl,--start-group -lc -lm -Wl,--end-group
Finished building target: LAB_2.elf
 
arm-none-eabi-size  LAB_2.elf 
arm-none-eabi-objdump -h -S LAB_2.elf  > "LAB_2.list"
   text	   data	    bss	    dec	    hex	filename
  34084	     92	   2672	  36848	   8ff0	LAB_2.elf
Finished building: default.size.stdout
 
Finished building: LAB_2.list
 
20:09:06 **** Incremental Build of configuration Debug for project LAB_2 ****
make -j12 all 
arm-none-eabi-gcc "../Core/Src/main.c" -mcpu=cortex-m4 -std=gnu11 -g3 -DDEBUG -DUSE_HAL_DRIVER -DSTM32G474xx -c -I../Core/Inc -I../Drivers/STM32G4xx_HAL_Driver/Inc -I../Drivers/STM32G4xx_HAL_Driver/Inc/Legacy -I../Drivers/CMSIS/Device/ST/STM32G4xx/Include -I../Drivers/CMSIS/Include -I../Middlewares/Third_Party/ARM_CMSIS/CMSIS/Core/Include/ -I../Middlewares/Third_Party/ARM_CMSIS/PrivateInclude/ -I../Middlewares/Third_Party/ARM_CMSIS/Include/ -I../Middlewares/Third_Party/ARM_CMSIS/Include -I"E:/Fibo_2_2/FRA222_microcon/LAB_II/LAB_2/Source/BasicMathFunctions" -I"E:/Fibo_2_2/FRA222_microcon/LAB_II/LAB_2/Source/BayesFunctions" -I"E:/Fibo_2_2/FRA222_microcon/LAB_II/LAB_2/Source/CommonTables" -I"E:/Fibo_2_2/FRA222_microcon/LAB_II/LAB_2/Source/ComplexMathFunctions" -I"E:/Fibo_2_2/FRA222_microcon/LAB_II/LAB_2/Source/ControllerFunctions" -I"E:/Fibo_2_2/FRA222_microcon/LAB_II/LAB_2/Source/DistanceFunctions" -I"E:/Fibo_2_2/FRA222_microcon/LAB_II/LAB_2/Source/FastMathFunctions" -I"E:/Fibo_2_2/FRA222_microcon/LAB_II/LAB_2/Source/FilteringFunctions" -I"E:/Fibo_2_2/FRA222_microcon/LAB_II/LAB_2/Source/InterpolationFunctions" -I"E:/Fibo_2_2/FRA222_microcon/LAB_II/LAB_2/Source/MatrixFunctions" -I"E:/Fibo_2_2/FRA222_microcon/LAB_II/LAB_2/Source/QuaternionMathFunctions" -I"E:/Fibo_2_2/FRA222_microcon/LAB_II/LAB_2/Source/StatisticsFunctions" -I"E:/Fibo_2_2/FRA222_microcon/LAB_II/LAB_2/Source/SupportFunctions" -I"E:/Fibo_2_2/FRA222_microcon/LAB_II/LAB_2/Source/SVMFunctions" -I"E:/Fibo_2_2/FRA222_microcon/LAB_II/LAB_2/Source/TransformFunctions" -I"E:/Fibo_2_2/FRA222_microcon/LAB_II/LAB_2/Source/WindowFunctions" -O0 -ffunction-sections -fdata-sections -Wall -fstack-usage -fcyclomatic-complexity -MMD -MP -MF"Core/Src/main.d" -MT"Core/Src/main.o" --specs=nano.specs -mfpu=fpv4-sp-d16 -mfloat-abi=hard -mthumb -o "Core/Src/main.o"
../Core/Src/main.c: In function 'main':
../Core/Src/main.c:136:29: warning: passing argument 2 of 'HAL_ADC_Start_DMA' from incompatible pointer type [-Wincompatible-pointer-types]
  136 |   HAL_ADC_Start_DMA(&hadc1, ADC_RawRead, 2);
      |                             ^~~~~~~~~~~
      |                             |
      |                             uint16_t * {aka short unsigned int *}
In file included from ../Core/Inc/stm32g4xx_hal_conf.h:228,
                 from ../Drivers/STM32G4xx_HAL_Driver/Inc/stm32g4xx_hal.h:29,
                 from ../Core/Inc/main.h:30,
                 from ../Core/Src/main.c:20:
../Drivers/STM32G4xx_HAL_Driver/Inc/stm32g4xx_hal_adc.h:2242:78: note: expected 'uint32_t *' {aka 'long unsigned int *'} but argument is of type 'uint16_t *' {aka 'short unsigned int *'}
 2242 | HAL_StatusTypeDef       HAL_ADC_Start_DMA(ADC_HandleTypeDef *hadc, uint32_t *pData, uint32_t Length);
      |                                                                    ~~~~~~~~~~^~~~~
arm-none-eabi-gcc -o "LAB_2.elf" @"objects.list"   -mcpu=cortex-m4 -T"E:\Fibo_2_2\FRA222_microcon\LAB_II\LAB_2\STM32G474RETX_FLASH.ld" --specs=nosys.specs -Wl,-Map="LAB_2.map" -Wl,--gc-sections -static --specs=nano.specs -mfpu=fpv4-sp-d16 -mfloat-abi=hard -mthumb -Wl,--start-group -lc -lm -Wl,--end-group
Finished building target: LAB_2.elf
 
arm-none-eabi-size  LAB_2.elf 
arm-none-eabi-objdump -h -S LAB_2.elf  > "LAB_2.list"
   text	   data	    bss	    dec	    hex	filename
  34092	     92	   2672	  36856	   8ff8	LAB_2.elf
Finished building: default.size.stdout
 
Finished building: LAB_2.list
 
20:11:53 **** Incremental Build of configuration Debug for project LAB_2 ****
make -j12 all 
arm-none-eabi-gcc "../Core/Src/main.c" -mcpu=cortex-m4 -std=gnu11 -g3 -DDEBUG -DUSE_HAL_DRIVER -DSTM32G474xx -c -I../Core/Inc -I../Drivers/STM32G4xx_HAL_Driver/Inc -I../Drivers/STM32G4xx_HAL_Driver/Inc/Legacy -I../Drivers/CMSIS/Device/ST/STM32G4xx/Include -I../Drivers/CMSIS/Include -I../Middlewares/Third_Party/ARM_CMSIS/CMSIS/Core/Include/ -I../Middlewares/Third_Party/ARM_CMSIS/PrivateInclude/ -I../Middlewares/Third_Party/ARM_CMSIS/Include/ -I../Middlewares/Third_Party/ARM_CMSIS/Include -I"E:/Fibo_2_2/FRA222_microcon/LAB_II/LAB_2/Source/BasicMathFunctions" -I"E:/Fibo_2_2/FRA222_microcon/LAB_II/LAB_2/Source/BayesFunctions" -I"E:/Fibo_2_2/FRA222_microcon/LAB_II/LAB_2/Source/CommonTables" -I"E:/Fibo_2_2/FRA222_microcon/LAB_II/LAB_2/Source/ComplexMathFunctions" -I"E:/Fibo_2_2/FRA222_microcon/LAB_II/LAB_2/Source/ControllerFunctions" -I"E:/Fibo_2_2/FRA222_microcon/LAB_II/LAB_2/Source/DistanceFunctions" -I"E:/Fibo_2_2/FRA222_microcon/LAB_II/LAB_2/Source/FastMathFunctions" -I"E:/Fibo_2_2/FRA222_microcon/LAB_II/LAB_2/Source/FilteringFunctions" -I"E:/Fibo_2_2/FRA222_microcon/LAB_II/LAB_2/Source/InterpolationFunctions" -I"E:/Fibo_2_2/FRA222_microcon/LAB_II/LAB_2/Source/MatrixFunctions" -I"E:/Fibo_2_2/FRA222_microcon/LAB_II/LAB_2/Source/QuaternionMathFunctions" -I"E:/Fibo_2_2/FRA222_microcon/LAB_II/LAB_2/Source/StatisticsFunctions" -I"E:/Fibo_2_2/FRA222_microcon/LAB_II/LAB_2/Source/SupportFunctions" -I"E:/Fibo_2_2/FRA222_microcon/LAB_II/LAB_2/Source/SVMFunctions" -I"E:/Fibo_2_2/FRA222_microcon/LAB_II/LAB_2/Source/TransformFunctions" -I"E:/Fibo_2_2/FRA222_microcon/LAB_II/LAB_2/Source/WindowFunctions" -O0 -ffunction-sections -fdata-sections -Wall -fstack-usage -fcyclomatic-complexity -MMD -MP -MF"Core/Src/main.d" -MT"Core/Src/main.o" --specs=nano.specs -mfpu=fpv4-sp-d16 -mfloat-abi=hard -mthumb -o "Core/Src/main.o"
../Core/Src/main.c: In function 'main':
../Core/Src/main.c:136:29: warning: passing argument 2 of 'HAL_ADC_Start_DMA' from incompatible pointer type [-Wincompatible-pointer-types]
  136 |   HAL_ADC_Start_DMA(&hadc1, ADC_RawRead, 2);
      |                             ^~~~~~~~~~~
      |                             |
      |                             uint16_t * {aka short unsigned int *}
In file included from ../Core/Inc/stm32g4xx_hal_conf.h:228,
                 from ../Drivers/STM32G4xx_HAL_Driver/Inc/stm32g4xx_hal.h:29,
                 from ../Core/Inc/main.h:30,
                 from ../Core/Src/main.c:20:
../Drivers/STM32G4xx_HAL_Driver/Inc/stm32g4xx_hal_adc.h:2242:78: note: expected 'uint32_t *' {aka 'long unsigned int *'} but argument is of type 'uint16_t *' {aka 'short unsigned int *'}
 2242 | HAL_StatusTypeDef       HAL_ADC_Start_DMA(ADC_HandleTypeDef *hadc, uint32_t *pData, uint32_t Length);
      |                                                                    ~~~~~~~~~~^~~~~
arm-none-eabi-gcc -o "LAB_2.elf" @"objects.list"   -mcpu=cortex-m4 -T"E:\Fibo_2_2\FRA222_microcon\LAB_II\LAB_2\STM32G474RETX_FLASH.ld" --specs=nosys.specs -Wl,-Map="LAB_2.map" -Wl,--gc-sections -static --specs=nano.specs -mfpu=fpv4-sp-d16 -mfloat-abi=hard -mthumb -Wl,--start-group -lc -lm -Wl,--end-group
Finished building target: LAB_2.elf
 
arm-none-eabi-size  LAB_2.elf 
arm-none-eabi-objdump -h -S LAB_2.elf  > "LAB_2.list"
   text	   data	    bss	    dec	    hex	filename
  34164	     92	   2672	  36928	   9040	LAB_2.elf
Finished building: default.size.stdout
 
Finished building: LAB_2.list
 
20:13:13 **** Incremental Build of configuration Debug for project LAB_2 ****
make -j12 all 
arm-none-eabi-gcc "../Core/Src/main.c" -mcpu=cortex-m4 -std=gnu11 -g3 -DDEBUG -DUSE_HAL_DRIVER -DSTM32G474xx -c -I../Core/Inc -I../Drivers/STM32G4xx_HAL_Driver/Inc -I../Drivers/STM32G4xx_HAL_Driver/Inc/Legacy -I../Drivers/CMSIS/Device/ST/STM32G4xx/Include -I../Drivers/CMSIS/Include -I../Middlewares/Third_Party/ARM_CMSIS/CMSIS/Core/Include/ -I../Middlewares/Third_Party/ARM_CMSIS/PrivateInclude/ -I../Middlewares/Third_Party/ARM_CMSIS/Include/ -I../Middlewares/Third_Party/ARM_CMSIS/Include -I"E:/Fibo_2_2/FRA222_microcon/LAB_II/LAB_2/Source/BasicMathFunctions" -I"E:/Fibo_2_2/FRA222_microcon/LAB_II/LAB_2/Source/BayesFunctions" -I"E:/Fibo_2_2/FRA222_microcon/LAB_II/LAB_2/Source/CommonTables" -I"E:/Fibo_2_2/FRA222_microcon/LAB_II/LAB_2/Source/ComplexMathFunctions" -I"E:/Fibo_2_2/FRA222_microcon/LAB_II/LAB_2/Source/ControllerFunctions" -I"E:/Fibo_2_2/FRA222_microcon/LAB_II/LAB_2/Source/DistanceFunctions" -I"E:/Fibo_2_2/FRA222_microcon/LAB_II/LAB_2/Source/FastMathFunctions" -I"E:/Fibo_2_2/FRA222_microcon/LAB_II/LAB_2/Source/FilteringFunctions" -I"E:/Fibo_2_2/FRA222_microcon/LAB_II/LAB_2/Source/InterpolationFunctions" -I"E:/Fibo_2_2/FRA222_microcon/LAB_II/LAB_2/Source/MatrixFunctions" -I"E:/Fibo_2_2/FRA222_microcon/LAB_II/LAB_2/Source/QuaternionMathFunctions" -I"E:/Fibo_2_2/FRA222_microcon/LAB_II/LAB_2/Source/StatisticsFunctions" -I"E:/Fibo_2_2/FRA222_microcon/LAB_II/LAB_2/Source/SupportFunctions" -I"E:/Fibo_2_2/FRA222_microcon/LAB_II/LAB_2/Source/SVMFunctions" -I"E:/Fibo_2_2/FRA222_microcon/LAB_II/LAB_2/Source/TransformFunctions" -I"E:/Fibo_2_2/FRA222_microcon/LAB_II/LAB_2/Source/WindowFunctions" -O0 -ffunction-sections -fdata-sections -Wall -fstack-usage -fcyclomatic-complexity -MMD -MP -MF"Core/Src/main.d" -MT"Core/Src/main.o" --specs=nano.specs -mfpu=fpv4-sp-d16 -mfloat-abi=hard -mthumb -o "Core/Src/main.o"
../Core/Src/main.c: In function 'main':
../Core/Src/main.c:136:29: warning: passing argument 2 of 'HAL_ADC_Start_DMA' from incompatible pointer type [-Wincompatible-pointer-types]
  136 |   HAL_ADC_Start_DMA(&hadc1, ADC_RawRead, 2);
      |                             ^~~~~~~~~~~
      |                             |
      |                             uint16_t * {aka short unsigned int *}
In file included from ../Core/Inc/stm32g4xx_hal_conf.h:228,
                 from ../Drivers/STM32G4xx_HAL_Driver/Inc/stm32g4xx_hal.h:29,
                 from ../Core/Inc/main.h:30,
                 from ../Core/Src/main.c:20:
../Drivers/STM32G4xx_HAL_Driver/Inc/stm32g4xx_hal_adc.h:2242:78: note: expected 'uint32_t *' {aka 'long unsigned int *'} but argument is of type 'uint16_t *' {aka 'short unsigned int *'}
 2242 | HAL_StatusTypeDef       HAL_ADC_Start_DMA(ADC_HandleTypeDef *hadc, uint32_t *pData, uint32_t Length);
      |                                                                    ~~~~~~~~~~^~~~~
arm-none-eabi-gcc -o "LAB_2.elf" @"objects.list"   -mcpu=cortex-m4 -T"E:\Fibo_2_2\FRA222_microcon\LAB_II\LAB_2\STM32G474RETX_FLASH.ld" --specs=nosys.specs -Wl,-Map="LAB_2.map" -Wl,--gc-sections -static --specs=nano.specs -mfpu=fpv4-sp-d16 -mfloat-abi=hard -mthumb -Wl,--start-group -lc -lm -Wl,--end-group
Finished building target: LAB_2.elf
 
arm-none-eabi-size  LAB_2.elf 
arm-none-eabi-objdump -h -S LAB_2.elf  > "LAB_2.list"
   text	   data	    bss	    dec	    hex	filename
  34164	     92	   2672	  36928	   9040	LAB_2.elf
Finished building: default.size.stdout
 
Finished building: LAB_2.list
 
20:14:48 **** Incremental Build of configuration Debug for project LAB_2 ****
make -j12 all 
arm-none-eabi-gcc "../Core/Src/main.c" -mcpu=cortex-m4 -std=gnu11 -g3 -DDEBUG -DUSE_HAL_DRIVER -DSTM32G474xx -c -I../Core/Inc -I../Drivers/STM32G4xx_HAL_Driver/Inc -I../Drivers/STM32G4xx_HAL_Driver/Inc/Legacy -I../Drivers/CMSIS/Device/ST/STM32G4xx/Include -I../Drivers/CMSIS/Include -I../Middlewares/Third_Party/ARM_CMSIS/CMSIS/Core/Include/ -I../Middlewares/Third_Party/ARM_CMSIS/PrivateInclude/ -I../Middlewares/Third_Party/ARM_CMSIS/Include/ -I../Middlewares/Third_Party/ARM_CMSIS/Include -I"E:/Fibo_2_2/FRA222_microcon/LAB_II/LAB_2/Source/BasicMathFunctions" -I"E:/Fibo_2_2/FRA222_microcon/LAB_II/LAB_2/Source/BayesFunctions" -I"E:/Fibo_2_2/FRA222_microcon/LAB_II/LAB_2/Source/CommonTables" -I"E:/Fibo_2_2/FRA222_microcon/LAB_II/LAB_2/Source/ComplexMathFunctions" -I"E:/Fibo_2_2/FRA222_microcon/LAB_II/LAB_2/Source/ControllerFunctions" -I"E:/Fibo_2_2/FRA222_microcon/LAB_II/LAB_2/Source/DistanceFunctions" -I"E:/Fibo_2_2/FRA222_microcon/LAB_II/LAB_2/Source/FastMathFunctions" -I"E:/Fibo_2_2/FRA222_microcon/LAB_II/LAB_2/Source/FilteringFunctions" -I"E:/Fibo_2_2/FRA222_microcon/LAB_II/LAB_2/Source/InterpolationFunctions" -I"E:/Fibo_2_2/FRA222_microcon/LAB_II/LAB_2/Source/MatrixFunctions" -I"E:/Fibo_2_2/FRA222_microcon/LAB_II/LAB_2/Source/QuaternionMathFunctions" -I"E:/Fibo_2_2/FRA222_microcon/LAB_II/LAB_2/Source/StatisticsFunctions" -I"E:/Fibo_2_2/FRA222_microcon/LAB_II/LAB_2/Source/SupportFunctions" -I"E:/Fibo_2_2/FRA222_microcon/LAB_II/LAB_2/Source/SVMFunctions" -I"E:/Fibo_2_2/FRA222_microcon/LAB_II/LAB_2/Source/TransformFunctions" -I"E:/Fibo_2_2/FRA222_microcon/LAB_II/LAB_2/Source/WindowFunctions" -O0 -ffunction-sections -fdata-sections -Wall -fstack-usage -fcyclomatic-complexity -MMD -MP -MF"Core/Src/main.d" -MT"Core/Src/main.o" --specs=nano.specs -mfpu=fpv4-sp-d16 -mfloat-abi=hard -mthumb -o "Core/Src/main.o"
../Core/Src/main.c: In function 'main':
../Core/Src/main.c:136:29: warning: passing argument 2 of 'HAL_ADC_Start_DMA' from incompatible pointer type [-Wincompatible-pointer-types]
  136 |   HAL_ADC_Start_DMA(&hadc1, ADC_RawRead, 2);
      |                             ^~~~~~~~~~~
      |                             |
      |                             uint16_t * {aka short unsigned int *}
In file included from ../Core/Inc/stm32g4xx_hal_conf.h:228,
                 from ../Drivers/STM32G4xx_HAL_Driver/Inc/stm32g4xx_hal.h:29,
                 from ../Core/Inc/main.h:30,
                 from ../Core/Src/main.c:20:
../Drivers/STM32G4xx_HAL_Driver/Inc/stm32g4xx_hal_adc.h:2242:78: note: expected 'uint32_t *' {aka 'long unsigned int *'} but argument is of type 'uint16_t *' {aka 'short unsigned int *'}
 2242 | HAL_StatusTypeDef       HAL_ADC_Start_DMA(ADC_HandleTypeDef *hadc, uint32_t *pData, uint32_t Length);
      |                                                                    ~~~~~~~~~~^~~~~
arm-none-eabi-gcc -o "LAB_2.elf" @"objects.list"   -mcpu=cortex-m4 -T"E:\Fibo_2_2\FRA222_microcon\LAB_II\LAB_2\STM32G474RETX_FLASH.ld" --specs=nosys.specs -Wl,-Map="LAB_2.map" -Wl,--gc-sections -static --specs=nano.specs -mfpu=fpv4-sp-d16 -mfloat-abi=hard -mthumb -Wl,--start-group -lc -lm -Wl,--end-group
Finished building target: LAB_2.elf
 
arm-none-eabi-size  LAB_2.elf 
arm-none-eabi-objdump -h -S LAB_2.elf  > "LAB_2.list"
   text	   data	    bss	    dec	    hex	filename
  34164	     92	   2672	  36928	   9040	LAB_2.elf
Finished building: default.size.stdout
 
Finished building: LAB_2.list
 
20:15:52 **** Incremental Build of configuration Debug for project LAB_2 ****
make -j12 all 
arm-none-eabi-gcc "../Core/Src/main.c" -mcpu=cortex-m4 -std=gnu11 -g3 -DDEBUG -DUSE_HAL_DRIVER -DSTM32G474xx -c -I../Core/Inc -I../Drivers/STM32G4xx_HAL_Driver/Inc -I../Drivers/STM32G4xx_HAL_Driver/Inc/Legacy -I../Drivers/CMSIS/Device/ST/STM32G4xx/Include -I../Drivers/CMSIS/Include -I../Middlewares/Third_Party/ARM_CMSIS/CMSIS/Core/Include/ -I../Middlewares/Third_Party/ARM_CMSIS/PrivateInclude/ -I../Middlewares/Third_Party/ARM_CMSIS/Include/ -I../Middlewares/Third_Party/ARM_CMSIS/Include -I"E:/Fibo_2_2/FRA222_microcon/LAB_II/LAB_2/Source/BasicMathFunctions" -I"E:/Fibo_2_2/FRA222_microcon/LAB_II/LAB_2/Source/BayesFunctions" -I"E:/Fibo_2_2/FRA222_microcon/LAB_II/LAB_2/Source/CommonTables" -I"E:/Fibo_2_2/FRA222_microcon/LAB_II/LAB_2/Source/ComplexMathFunctions" -I"E:/Fibo_2_2/FRA222_microcon/LAB_II/LAB_2/Source/ControllerFunctions" -I"E:/Fibo_2_2/FRA222_microcon/LAB_II/LAB_2/Source/DistanceFunctions" -I"E:/Fibo_2_2/FRA222_microcon/LAB_II/LAB_2/Source/FastMathFunctions" -I"E:/Fibo_2_2/FRA222_microcon/LAB_II/LAB_2/Source/FilteringFunctions" -I"E:/Fibo_2_2/FRA222_microcon/LAB_II/LAB_2/Source/InterpolationFunctions" -I"E:/Fibo_2_2/FRA222_microcon/LAB_II/LAB_2/Source/MatrixFunctions" -I"E:/Fibo_2_2/FRA222_microcon/LAB_II/LAB_2/Source/QuaternionMathFunctions" -I"E:/Fibo_2_2/FRA222_microcon/LAB_II/LAB_2/Source/StatisticsFunctions" -I"E:/Fibo_2_2/FRA222_microcon/LAB_II/LAB_2/Source/SupportFunctions" -I"E:/Fibo_2_2/FRA222_microcon/LAB_II/LAB_2/Source/SVMFunctions" -I"E:/Fibo_2_2/FRA222_microcon/LAB_II/LAB_2/Source/TransformFunctions" -I"E:/Fibo_2_2/FRA222_microcon/LAB_II/LAB_2/Source/WindowFunctions" -O0 -ffunction-sections -fdata-sections -Wall -fstack-usage -fcyclomatic-complexity -MMD -MP -MF"Core/Src/main.d" -MT"Core/Src/main.o" --specs=nano.specs -mfpu=fpv4-sp-d16 -mfloat-abi=hard -mthumb -o "Core/Src/main.o"
../Core/Src/main.c: In function 'main':
../Core/Src/main.c:136:29: warning: passing argument 2 of 'HAL_ADC_Start_DMA' from incompatible pointer type [-Wincompatible-pointer-types]
  136 |   HAL_ADC_Start_DMA(&hadc1, ADC_RawRead, 2);
      |                             ^~~~~~~~~~~
      |                             |
      |                             uint16_t * {aka short unsigned int *}
In file included from ../Core/Inc/stm32g4xx_hal_conf.h:228,
                 from ../Drivers/STM32G4xx_HAL_Driver/Inc/stm32g4xx_hal.h:29,
                 from ../Core/Inc/main.h:30,
                 from ../Core/Src/main.c:20:
../Drivers/STM32G4xx_HAL_Driver/Inc/stm32g4xx_hal_adc.h:2242:78: note: expected 'uint32_t *' {aka 'long unsigned int *'} but argument is of type 'uint16_t *' {aka 'short unsigned int *'}
 2242 | HAL_StatusTypeDef       HAL_ADC_Start_DMA(ADC_HandleTypeDef *hadc, uint32_t *pData, uint32_t Length);
      |                                                                    ~~~~~~~~~~^~~~~
arm-none-eabi-gcc -o "LAB_2.elf" @"objects.list"   -mcpu=cortex-m4 -T"E:\Fibo_2_2\FRA222_microcon\LAB_II\LAB_2\STM32G474RETX_FLASH.ld" --specs=nosys.specs -Wl,-Map="LAB_2.map" -Wl,--gc-sections -static --specs=nano.specs -mfpu=fpv4-sp-d16 -mfloat-abi=hard -mthumb -Wl,--start-group -lc -lm -Wl,--end-group
Finished building target: LAB_2.elf
 
arm-none-eabi-size  LAB_2.elf 
arm-none-eabi-objdump -h -S LAB_2.elf  > "LAB_2.list"
   text	   data	    bss	    dec	    hex	filename
  34164	     92	   2672	  36928	   9040	LAB_2.elf
Finished building: default.size.stdout
 
Finished building: LAB_2.list
 
20:17:45 **** Incremental Build of configuration Debug for project LAB_2 ****
make -j12 all 
arm-none-eabi-gcc "../Core/Src/main.c" -mcpu=cortex-m4 -std=gnu11 -g3 -DDEBUG -DUSE_HAL_DRIVER -DSTM32G474xx -c -I../Core/Inc -I../Drivers/STM32G4xx_HAL_Driver/Inc -I../Drivers/STM32G4xx_HAL_Driver/Inc/Legacy -I../Drivers/CMSIS/Device/ST/STM32G4xx/Include -I../Drivers/CMSIS/Include -I../Middlewares/Third_Party/ARM_CMSIS/CMSIS/Core/Include/ -I../Middlewares/Third_Party/ARM_CMSIS/PrivateInclude/ -I../Middlewares/Third_Party/ARM_CMSIS/Include/ -I../Middlewares/Third_Party/ARM_CMSIS/Include -I"E:/Fibo_2_2/FRA222_microcon/LAB_II/LAB_2/Source/BasicMathFunctions" -I"E:/Fibo_2_2/FRA222_microcon/LAB_II/LAB_2/Source/BayesFunctions" -I"E:/Fibo_2_2/FRA222_microcon/LAB_II/LAB_2/Source/CommonTables" -I"E:/Fibo_2_2/FRA222_microcon/LAB_II/LAB_2/Source/ComplexMathFunctions" -I"E:/Fibo_2_2/FRA222_microcon/LAB_II/LAB_2/Source/ControllerFunctions" -I"E:/Fibo_2_2/FRA222_microcon/LAB_II/LAB_2/Source/DistanceFunctions" -I"E:/Fibo_2_2/FRA222_microcon/LAB_II/LAB_2/Source/FastMathFunctions" -I"E:/Fibo_2_2/FRA222_microcon/LAB_II/LAB_2/Source/FilteringFunctions" -I"E:/Fibo_2_2/FRA222_microcon/LAB_II/LAB_2/Source/InterpolationFunctions" -I"E:/Fibo_2_2/FRA222_microcon/LAB_II/LAB_2/Source/MatrixFunctions" -I"E:/Fibo_2_2/FRA222_microcon/LAB_II/LAB_2/Source/QuaternionMathFunctions" -I"E:/Fibo_2_2/FRA222_microcon/LAB_II/LAB_2/Source/StatisticsFunctions" -I"E:/Fibo_2_2/FRA222_microcon/LAB_II/LAB_2/Source/SupportFunctions" -I"E:/Fibo_2_2/FRA222_microcon/LAB_II/LAB_2/Source/SVMFunctions" -I"E:/Fibo_2_2/FRA222_microcon/LAB_II/LAB_2/Source/TransformFunctions" -I"E:/Fibo_2_2/FRA222_microcon/LAB_II/LAB_2/Source/WindowFunctions" -O0 -ffunction-sections -fdata-sections -Wall -fstack-usage -fcyclomatic-complexity -MMD -MP -MF"Core/Src/main.d" -MT"Core/Src/main.o" --specs=nano.specs -mfpu=fpv4-sp-d16 -mfloat-abi=hard -mthumb -o "Core/Src/main.o"
../Core/Src/main.c: In function 'main':
../Core/Src/main.c:136:29: warning: passing argument 2 of 'HAL_ADC_Start_DMA' from incompatible pointer type [-Wincompatible-pointer-types]
  136 |   HAL_ADC_Start_DMA(&hadc1, ADC_RawRead, 2);
      |                             ^~~~~~~~~~~
      |                             |
      |                             uint16_t * {aka short unsigned int *}
In file included from ../Core/Inc/stm32g4xx_hal_conf.h:228,
                 from ../Drivers/STM32G4xx_HAL_Driver/Inc/stm32g4xx_hal.h:29,
                 from ../Core/Inc/main.h:30,
                 from ../Core/Src/main.c:20:
../Drivers/STM32G4xx_HAL_Driver/Inc/stm32g4xx_hal_adc.h:2242:78: note: expected 'uint32_t *' {aka 'long unsigned int *'} but argument is of type 'uint16_t *' {aka 'short unsigned int *'}
 2242 | HAL_StatusTypeDef       HAL_ADC_Start_DMA(ADC_HandleTypeDef *hadc, uint32_t *pData, uint32_t Length);
      |                                                                    ~~~~~~~~~~^~~~~
arm-none-eabi-gcc -o "LAB_2.elf" @"objects.list"   -mcpu=cortex-m4 -T"E:\Fibo_2_2\FRA222_microcon\LAB_II\LAB_2\STM32G474RETX_FLASH.ld" --specs=nosys.specs -Wl,-Map="LAB_2.map" -Wl,--gc-sections -static --specs=nano.specs -mfpu=fpv4-sp-d16 -mfloat-abi=hard -mthumb -Wl,--start-group -lc -lm -Wl,--end-group
Finished building target: LAB_2.elf
 
arm-none-eabi-size  LAB_2.elf 
arm-none-eabi-objdump -h -S LAB_2.elf  > "LAB_2.list"
   text	   data	    bss	    dec	    hex	filename
  34172	     92	   2672	  36936	   9048	LAB_2.elf
Finished building: default.size.stdout
 
Finished building: LAB_2.list
 
20:18:39 **** Incremental Build of configuration Debug for project LAB_2 ****
make -j12 all 
arm-none-eabi-gcc "../Core/Src/main.c" -mcpu=cortex-m4 -std=gnu11 -g3 -DDEBUG -DUSE_HAL_DRIVER -DSTM32G474xx -c -I../Core/Inc -I../Drivers/STM32G4xx_HAL_Driver/Inc -I../Drivers/STM32G4xx_HAL_Driver/Inc/Legacy -I../Drivers/CMSIS/Device/ST/STM32G4xx/Include -I../Drivers/CMSIS/Include -I../Middlewares/Third_Party/ARM_CMSIS/CMSIS/Core/Include/ -I../Middlewares/Third_Party/ARM_CMSIS/PrivateInclude/ -I../Middlewares/Third_Party/ARM_CMSIS/Include/ -I../Middlewares/Third_Party/ARM_CMSIS/Include -I"E:/Fibo_2_2/FRA222_microcon/LAB_II/LAB_2/Source/BasicMathFunctions" -I"E:/Fibo_2_2/FRA222_microcon/LAB_II/LAB_2/Source/BayesFunctions" -I"E:/Fibo_2_2/FRA222_microcon/LAB_II/LAB_2/Source/CommonTables" -I"E:/Fibo_2_2/FRA222_microcon/LAB_II/LAB_2/Source/ComplexMathFunctions" -I"E:/Fibo_2_2/FRA222_microcon/LAB_II/LAB_2/Source/ControllerFunctions" -I"E:/Fibo_2_2/FRA222_microcon/LAB_II/LAB_2/Source/DistanceFunctions" -I"E:/Fibo_2_2/FRA222_microcon/LAB_II/LAB_2/Source/FastMathFunctions" -I"E:/Fibo_2_2/FRA222_microcon/LAB_II/LAB_2/Source/FilteringFunctions" -I"E:/Fibo_2_2/FRA222_microcon/LAB_II/LAB_2/Source/InterpolationFunctions" -I"E:/Fibo_2_2/FRA222_microcon/LAB_II/LAB_2/Source/MatrixFunctions" -I"E:/Fibo_2_2/FRA222_microcon/LAB_II/LAB_2/Source/QuaternionMathFunctions" -I"E:/Fibo_2_2/FRA222_microcon/LAB_II/LAB_2/Source/StatisticsFunctions" -I"E:/Fibo_2_2/FRA222_microcon/LAB_II/LAB_2/Source/SupportFunctions" -I"E:/Fibo_2_2/FRA222_microcon/LAB_II/LAB_2/Source/SVMFunctions" -I"E:/Fibo_2_2/FRA222_microcon/LAB_II/LAB_2/Source/TransformFunctions" -I"E:/Fibo_2_2/FRA222_microcon/LAB_II/LAB_2/Source/WindowFunctions" -O0 -ffunction-sections -fdata-sections -Wall -fstack-usage -fcyclomatic-complexity -MMD -MP -MF"Core/Src/main.d" -MT"Core/Src/main.o" --specs=nano.specs -mfpu=fpv4-sp-d16 -mfloat-abi=hard -mthumb -o "Core/Src/main.o"
../Core/Src/main.c: In function 'main':
../Core/Src/main.c:136:29: warning: passing argument 2 of 'HAL_ADC_Start_DMA' from incompatible pointer type [-Wincompatible-pointer-types]
  136 |   HAL_ADC_Start_DMA(&hadc1, ADC_RawRead, 2);
      |                             ^~~~~~~~~~~
      |                             |
      |                             uint16_t * {aka short unsigned int *}
In file included from ../Core/Inc/stm32g4xx_hal_conf.h:228,
                 from ../Drivers/STM32G4xx_HAL_Driver/Inc/stm32g4xx_hal.h:29,
                 from ../Core/Inc/main.h:30,
                 from ../Core/Src/main.c:20:
../Drivers/STM32G4xx_HAL_Driver/Inc/stm32g4xx_hal_adc.h:2242:78: note: expected 'uint32_t *' {aka 'long unsigned int *'} but argument is of type 'uint16_t *' {aka 'short unsigned int *'}
 2242 | HAL_StatusTypeDef       HAL_ADC_Start_DMA(ADC_HandleTypeDef *hadc, uint32_t *pData, uint32_t Length);
      |                                                                    ~~~~~~~~~~^~~~~
arm-none-eabi-gcc -o "LAB_2.elf" @"objects.list"   -mcpu=cortex-m4 -T"E:\Fibo_2_2\FRA222_microcon\LAB_II\LAB_2\STM32G474RETX_FLASH.ld" --specs=nosys.specs -Wl,-Map="LAB_2.map" -Wl,--gc-sections -static --specs=nano.specs -mfpu=fpv4-sp-d16 -mfloat-abi=hard -mthumb -Wl,--start-group -lc -lm -Wl,--end-group
Finished building target: LAB_2.elf
 
arm-none-eabi-size  LAB_2.elf 
arm-none-eabi-objdump -h -S LAB_2.elf  > "LAB_2.list"
   text	   data	    bss	    dec	    hex	filename
  34172	     92	   2672	  36936	   9048	LAB_2.elf
Finished building: default.size.stdout
 
Finished building: LAB_2.list
 
20:22:13 **** Incremental Build of configuration Debug for project LAB_2 ****
make -j12 all 
arm-none-eabi-gcc "../Core/Src/main.c" -mcpu=cortex-m4 -std=gnu11 -g3 -DDEBUG -DUSE_HAL_DRIVER -DSTM32G474xx -c -I../Core/Inc -I../Drivers/STM32G4xx_HAL_Driver/Inc -I../Drivers/STM32G4xx_HAL_Driver/Inc/Legacy -I../Drivers/CMSIS/Device/ST/STM32G4xx/Include -I../Drivers/CMSIS/Include -I../Middlewares/Third_Party/ARM_CMSIS/CMSIS/Core/Include/ -I../Middlewares/Third_Party/ARM_CMSIS/PrivateInclude/ -I../Middlewares/Third_Party/ARM_CMSIS/Include/ -I../Middlewares/Third_Party/ARM_CMSIS/Include -I"E:/Fibo_2_2/FRA222_microcon/LAB_II/LAB_2/Source/BasicMathFunctions" -I"E:/Fibo_2_2/FRA222_microcon/LAB_II/LAB_2/Source/BayesFunctions" -I"E:/Fibo_2_2/FRA222_microcon/LAB_II/LAB_2/Source/CommonTables" -I"E:/Fibo_2_2/FRA222_microcon/LAB_II/LAB_2/Source/ComplexMathFunctions" -I"E:/Fibo_2_2/FRA222_microcon/LAB_II/LAB_2/Source/ControllerFunctions" -I"E:/Fibo_2_2/FRA222_microcon/LAB_II/LAB_2/Source/DistanceFunctions" -I"E:/Fibo_2_2/FRA222_microcon/LAB_II/LAB_2/Source/FastMathFunctions" -I"E:/Fibo_2_2/FRA222_microcon/LAB_II/LAB_2/Source/FilteringFunctions" -I"E:/Fibo_2_2/FRA222_microcon/LAB_II/LAB_2/Source/InterpolationFunctions" -I"E:/Fibo_2_2/FRA222_microcon/LAB_II/LAB_2/Source/MatrixFunctions" -I"E:/Fibo_2_2/FRA222_microcon/LAB_II/LAB_2/Source/QuaternionMathFunctions" -I"E:/Fibo_2_2/FRA222_microcon/LAB_II/LAB_2/Source/StatisticsFunctions" -I"E:/Fibo_2_2/FRA222_microcon/LAB_II/LAB_2/Source/SupportFunctions" -I"E:/Fibo_2_2/FRA222_microcon/LAB_II/LAB_2/Source/SVMFunctions" -I"E:/Fibo_2_2/FRA222_microcon/LAB_II/LAB_2/Source/TransformFunctions" -I"E:/Fibo_2_2/FRA222_microcon/LAB_II/LAB_2/Source/WindowFunctions" -O0 -ffunction-sections -fdata-sections -Wall -fstack-usage -fcyclomatic-complexity -MMD -MP -MF"Core/Src/main.d" -MT"Core/Src/main.o" --specs=nano.specs -mfpu=fpv4-sp-d16 -mfloat-abi=hard -mthumb -o "Core/Src/main.o"
../Core/Src/main.c: In function 'main':
../Core/Src/main.c:136:29: warning: passing argument 2 of 'HAL_ADC_Start_DMA' from incompatible pointer type [-Wincompatible-pointer-types]
  136 |   HAL_ADC_Start_DMA(&hadc1, ADC_RawRead, 2);
      |                             ^~~~~~~~~~~
      |                             |
      |                             uint16_t * {aka short unsigned int *}
In file included from ../Core/Inc/stm32g4xx_hal_conf.h:228,
                 from ../Drivers/STM32G4xx_HAL_Driver/Inc/stm32g4xx_hal.h:29,
                 from ../Core/Inc/main.h:30,
                 from ../Core/Src/main.c:20:
../Drivers/STM32G4xx_HAL_Driver/Inc/stm32g4xx_hal_adc.h:2242:78: note: expected 'uint32_t *' {aka 'long unsigned int *'} but argument is of type 'uint16_t *' {aka 'short unsigned int *'}
 2242 | HAL_StatusTypeDef       HAL_ADC_Start_DMA(ADC_HandleTypeDef *hadc, uint32_t *pData, uint32_t Length);
      |                                                                    ~~~~~~~~~~^~~~~
arm-none-eabi-gcc -o "LAB_2.elf" @"objects.list"   -mcpu=cortex-m4 -T"E:\Fibo_2_2\FRA222_microcon\LAB_II\LAB_2\STM32G474RETX_FLASH.ld" --specs=nosys.specs -Wl,-Map="LAB_2.map" -Wl,--gc-sections -static --specs=nano.specs -mfpu=fpv4-sp-d16 -mfloat-abi=hard -mthumb -Wl,--start-group -lc -lm -Wl,--end-group
Finished building target: LAB_2.elf
 
arm-none-eabi-size  LAB_2.elf 
arm-none-eabi-objdump -h -S LAB_2.elf  > "LAB_2.list"
   text	   data	    bss	    dec	    hex	filename
  34172	     92	   2672	  36936	   9048	LAB_2.elf
Finished building: default.size.stdout
 
Finished building: LAB_2.list
 
20:24:57 **** Incremental Build of configuration Debug for project LAB_2 ****
make -j12 all 
arm-none-eabi-gcc "../Core/Src/main.c" -mcpu=cortex-m4 -std=gnu11 -g3 -DDEBUG -DUSE_HAL_DRIVER -DSTM32G474xx -c -I../Core/Inc -I../Drivers/STM32G4xx_HAL_Driver/Inc -I../Drivers/STM32G4xx_HAL_Driver/Inc/Legacy -I../Drivers/CMSIS/Device/ST/STM32G4xx/Include -I../Drivers/CMSIS/Include -I../Middlewares/Third_Party/ARM_CMSIS/CMSIS/Core/Include/ -I../Middlewares/Third_Party/ARM_CMSIS/PrivateInclude/ -I../Middlewares/Third_Party/ARM_CMSIS/Include/ -I../Middlewares/Third_Party/ARM_CMSIS/Include -I"E:/Fibo_2_2/FRA222_microcon/LAB_II/LAB_2/Source/BasicMathFunctions" -I"E:/Fibo_2_2/FRA222_microcon/LAB_II/LAB_2/Source/BayesFunctions" -I"E:/Fibo_2_2/FRA222_microcon/LAB_II/LAB_2/Source/CommonTables" -I"E:/Fibo_2_2/FRA222_microcon/LAB_II/LAB_2/Source/ComplexMathFunctions" -I"E:/Fibo_2_2/FRA222_microcon/LAB_II/LAB_2/Source/ControllerFunctions" -I"E:/Fibo_2_2/FRA222_microcon/LAB_II/LAB_2/Source/DistanceFunctions" -I"E:/Fibo_2_2/FRA222_microcon/LAB_II/LAB_2/Source/FastMathFunctions" -I"E:/Fibo_2_2/FRA222_microcon/LAB_II/LAB_2/Source/FilteringFunctions" -I"E:/Fibo_2_2/FRA222_microcon/LAB_II/LAB_2/Source/InterpolationFunctions" -I"E:/Fibo_2_2/FRA222_microcon/LAB_II/LAB_2/Source/MatrixFunctions" -I"E:/Fibo_2_2/FRA222_microcon/LAB_II/LAB_2/Source/QuaternionMathFunctions" -I"E:/Fibo_2_2/FRA222_microcon/LAB_II/LAB_2/Source/StatisticsFunctions" -I"E:/Fibo_2_2/FRA222_microcon/LAB_II/LAB_2/Source/SupportFunctions" -I"E:/Fibo_2_2/FRA222_microcon/LAB_II/LAB_2/Source/SVMFunctions" -I"E:/Fibo_2_2/FRA222_microcon/LAB_II/LAB_2/Source/TransformFunctions" -I"E:/Fibo_2_2/FRA222_microcon/LAB_II/LAB_2/Source/WindowFunctions" -O0 -ffunction-sections -fdata-sections -Wall -fstack-usage -fcyclomatic-complexity -MMD -MP -MF"Core/Src/main.d" -MT"Core/Src/main.o" --specs=nano.specs -mfpu=fpv4-sp-d16 -mfloat-abi=hard -mthumb -o "Core/Src/main.o"
../Core/Src/main.c: In function 'main':
../Core/Src/main.c:136:29: warning: passing argument 2 of 'HAL_ADC_Start_DMA' from incompatible pointer type [-Wincompatible-pointer-types]
  136 |   HAL_ADC_Start_DMA(&hadc1, ADC_RawRead, 2);
      |                             ^~~~~~~~~~~
      |                             |
      |                             uint16_t * {aka short unsigned int *}
In file included from ../Core/Inc/stm32g4xx_hal_conf.h:228,
                 from ../Drivers/STM32G4xx_HAL_Driver/Inc/stm32g4xx_hal.h:29,
                 from ../Core/Inc/main.h:30,
                 from ../Core/Src/main.c:20:
../Drivers/STM32G4xx_HAL_Driver/Inc/stm32g4xx_hal_adc.h:2242:78: note: expected 'uint32_t *' {aka 'long unsigned int *'} but argument is of type 'uint16_t *' {aka 'short unsigned int *'}
 2242 | HAL_StatusTypeDef       HAL_ADC_Start_DMA(ADC_HandleTypeDef *hadc, uint32_t *pData, uint32_t Length);
      |                                                                    ~~~~~~~~~~^~~~~
arm-none-eabi-gcc -o "LAB_2.elf" @"objects.list"   -mcpu=cortex-m4 -T"E:\Fibo_2_2\FRA222_microcon\LAB_II\LAB_2\STM32G474RETX_FLASH.ld" --specs=nosys.specs -Wl,-Map="LAB_2.map" -Wl,--gc-sections -static --specs=nano.specs -mfpu=fpv4-sp-d16 -mfloat-abi=hard -mthumb -Wl,--start-group -lc -lm -Wl,--end-group
Finished building target: LAB_2.elf
 
arm-none-eabi-size  LAB_2.elf 
arm-none-eabi-objdump -h -S LAB_2.elf  > "LAB_2.list"
   text	   data	    bss	    dec	    hex	filename
  34196	     92	   2672	  36960	   9060	LAB_2.elf
Finished building: default.size.stdout
 
Finished building: LAB_2.list
 
20:27:08 **** Incremental Build of configuration Debug for project LAB_2 ****
make -j12 all 
arm-none-eabi-size  LAB_2.elf 
   text	   data	    bss	    dec	    hex	filename
  34196	     92	   2672	  36960	   9060	LAB_2.elf
Finished building: default.size.stdout
 
20:27:38 **** Incremental Build of configuration Debug for project LAB_2 ****
make -j12 all 
arm-none-eabi-gcc "../Core/Src/main.c" -mcpu=cortex-m4 -std=gnu11 -g3 -DDEBUG -DUSE_HAL_DRIVER -DSTM32G474xx -c -I../Core/Inc -I../Drivers/STM32G4xx_HAL_Driver/Inc -I../Drivers/STM32G4xx_HAL_Driver/Inc/Legacy -I../Drivers/CMSIS/Device/ST/STM32G4xx/Include -I../Drivers/CMSIS/Include -I../Middlewares/Third_Party/ARM_CMSIS/CMSIS/Core/Include/ -I../Middlewares/Third_Party/ARM_CMSIS/PrivateInclude/ -I../Middlewares/Third_Party/ARM_CMSIS/Include/ -I../Middlewares/Third_Party/ARM_CMSIS/Include -I"E:/Fibo_2_2/FRA222_microcon/LAB_II/LAB_2/Source/BasicMathFunctions" -I"E:/Fibo_2_2/FRA222_microcon/LAB_II/LAB_2/Source/BayesFunctions" -I"E:/Fibo_2_2/FRA222_microcon/LAB_II/LAB_2/Source/CommonTables" -I"E:/Fibo_2_2/FRA222_microcon/LAB_II/LAB_2/Source/ComplexMathFunctions" -I"E:/Fibo_2_2/FRA222_microcon/LAB_II/LAB_2/Source/ControllerFunctions" -I"E:/Fibo_2_2/FRA222_microcon/LAB_II/LAB_2/Source/DistanceFunctions" -I"E:/Fibo_2_2/FRA222_microcon/LAB_II/LAB_2/Source/FastMathFunctions" -I"E:/Fibo_2_2/FRA222_microcon/LAB_II/LAB_2/Source/FilteringFunctions" -I"E:/Fibo_2_2/FRA222_microcon/LAB_II/LAB_2/Source/InterpolationFunctions" -I"E:/Fibo_2_2/FRA222_microcon/LAB_II/LAB_2/Source/MatrixFunctions" -I"E:/Fibo_2_2/FRA222_microcon/LAB_II/LAB_2/Source/QuaternionMathFunctions" -I"E:/Fibo_2_2/FRA222_microcon/LAB_II/LAB_2/Source/StatisticsFunctions" -I"E:/Fibo_2_2/FRA222_microcon/LAB_II/LAB_2/Source/SupportFunctions" -I"E:/Fibo_2_2/FRA222_microcon/LAB_II/LAB_2/Source/SVMFunctions" -I"E:/Fibo_2_2/FRA222_microcon/LAB_II/LAB_2/Source/TransformFunctions" -I"E:/Fibo_2_2/FRA222_microcon/LAB_II/LAB_2/Source/WindowFunctions" -O0 -ffunction-sections -fdata-sections -Wall -fstack-usage -fcyclomatic-complexity -MMD -MP -MF"Core/Src/main.d" -MT"Core/Src/main.o" --specs=nano.specs -mfpu=fpv4-sp-d16 -mfloat-abi=hard -mthumb -o "Core/Src/main.o"
../Core/Src/main.c: In function 'main':
../Core/Src/main.c:136:29: warning: passing argument 2 of 'HAL_ADC_Start_DMA' from incompatible pointer type [-Wincompatible-pointer-types]
  136 |   HAL_ADC_Start_DMA(&hadc1, ADC_RawRead, 2);
      |                             ^~~~~~~~~~~
      |                             |
      |                             uint16_t * {aka short unsigned int *}
In file included from ../Core/Inc/stm32g4xx_hal_conf.h:228,
                 from ../Drivers/STM32G4xx_HAL_Driver/Inc/stm32g4xx_hal.h:29,
                 from ../Core/Inc/main.h:30,
                 from ../Core/Src/main.c:20:
../Drivers/STM32G4xx_HAL_Driver/Inc/stm32g4xx_hal_adc.h:2242:78: note: expected 'uint32_t *' {aka 'long unsigned int *'} but argument is of type 'uint16_t *' {aka 'short unsigned int *'}
 2242 | HAL_StatusTypeDef       HAL_ADC_Start_DMA(ADC_HandleTypeDef *hadc, uint32_t *pData, uint32_t Length);
      |                                                                    ~~~~~~~~~~^~~~~
arm-none-eabi-gcc -o "LAB_2.elf" @"objects.list"   -mcpu=cortex-m4 -T"E:\Fibo_2_2\FRA222_microcon\LAB_II\LAB_2\STM32G474RETX_FLASH.ld" --specs=nosys.specs -Wl,-Map="LAB_2.map" -Wl,--gc-sections -static --specs=nano.specs -mfpu=fpv4-sp-d16 -mfloat-abi=hard -mthumb -Wl,--start-group -lc -lm -Wl,--end-group
Finished building target: LAB_2.elf
 
arm-none-eabi-size  LAB_2.elf 
arm-none-eabi-objdump -h -S LAB_2.elf  > "LAB_2.list"
   text	   data	    bss	    dec	    hex	filename
  34196	     92	   2672	  36960	   9060	LAB_2.elf
Finished building: default.size.stdout
 
Finished building: LAB_2.list
 
20:29:24 **** Incremental Build of configuration Debug for project LAB_2 ****
make -j12 all 
arm-none-eabi-gcc "../Core/Src/main.c" -mcpu=cortex-m4 -std=gnu11 -g3 -DDEBUG -DUSE_HAL_DRIVER -DSTM32G474xx -c -I../Core/Inc -I../Drivers/STM32G4xx_HAL_Driver/Inc -I../Drivers/STM32G4xx_HAL_Driver/Inc/Legacy -I../Drivers/CMSIS/Device/ST/STM32G4xx/Include -I../Drivers/CMSIS/Include -I../Middlewares/Third_Party/ARM_CMSIS/CMSIS/Core/Include/ -I../Middlewares/Third_Party/ARM_CMSIS/PrivateInclude/ -I../Middlewares/Third_Party/ARM_CMSIS/Include/ -I../Middlewares/Third_Party/ARM_CMSIS/Include -I"E:/Fibo_2_2/FRA222_microcon/LAB_II/LAB_2/Source/BasicMathFunctions" -I"E:/Fibo_2_2/FRA222_microcon/LAB_II/LAB_2/Source/BayesFunctions" -I"E:/Fibo_2_2/FRA222_microcon/LAB_II/LAB_2/Source/CommonTables" -I"E:/Fibo_2_2/FRA222_microcon/LAB_II/LAB_2/Source/ComplexMathFunctions" -I"E:/Fibo_2_2/FRA222_microcon/LAB_II/LAB_2/Source/ControllerFunctions" -I"E:/Fibo_2_2/FRA222_microcon/LAB_II/LAB_2/Source/DistanceFunctions" -I"E:/Fibo_2_2/FRA222_microcon/LAB_II/LAB_2/Source/FastMathFunctions" -I"E:/Fibo_2_2/FRA222_microcon/LAB_II/LAB_2/Source/FilteringFunctions" -I"E:/Fibo_2_2/FRA222_microcon/LAB_II/LAB_2/Source/InterpolationFunctions" -I"E:/Fibo_2_2/FRA222_microcon/LAB_II/LAB_2/Source/MatrixFunctions" -I"E:/Fibo_2_2/FRA222_microcon/LAB_II/LAB_2/Source/QuaternionMathFunctions" -I"E:/Fibo_2_2/FRA222_microcon/LAB_II/LAB_2/Source/StatisticsFunctions" -I"E:/Fibo_2_2/FRA222_microcon/LAB_II/LAB_2/Source/SupportFunctions" -I"E:/Fibo_2_2/FRA222_microcon/LAB_II/LAB_2/Source/SVMFunctions" -I"E:/Fibo_2_2/FRA222_microcon/LAB_II/LAB_2/Source/TransformFunctions" -I"E:/Fibo_2_2/FRA222_microcon/LAB_II/LAB_2/Source/WindowFunctions" -O0 -ffunction-sections -fdata-sections -Wall -fstack-usage -fcyclomatic-complexity -MMD -MP -MF"Core/Src/main.d" -MT"Core/Src/main.o" --specs=nano.specs -mfpu=fpv4-sp-d16 -mfloat-abi=hard -mthumb -o "Core/Src/main.o"
../Core/Src/main.c: In function 'main':
../Core/Src/main.c:136:29: warning: passing argument 2 of 'HAL_ADC_Start_DMA' from incompatible pointer type [-Wincompatible-pointer-types]
  136 |   HAL_ADC_Start_DMA(&hadc1, ADC_RawRead, 2);
      |                             ^~~~~~~~~~~
      |                             |
      |                             uint16_t * {aka short unsigned int *}
In file included from ../Core/Inc/stm32g4xx_hal_conf.h:228,
                 from ../Drivers/STM32G4xx_HAL_Driver/Inc/stm32g4xx_hal.h:29,
                 from ../Core/Inc/main.h:30,
                 from ../Core/Src/main.c:20:
../Drivers/STM32G4xx_HAL_Driver/Inc/stm32g4xx_hal_adc.h:2242:78: note: expected 'uint32_t *' {aka 'long unsigned int *'} but argument is of type 'uint16_t *' {aka 'short unsigned int *'}
 2242 | HAL_StatusTypeDef       HAL_ADC_Start_DMA(ADC_HandleTypeDef *hadc, uint32_t *pData, uint32_t Length);
      |                                                                    ~~~~~~~~~~^~~~~
arm-none-eabi-gcc -o "LAB_2.elf" @"objects.list"   -mcpu=cortex-m4 -T"E:\Fibo_2_2\FRA222_microcon\LAB_II\LAB_2\STM32G474RETX_FLASH.ld" --specs=nosys.specs -Wl,-Map="LAB_2.map" -Wl,--gc-sections -static --specs=nano.specs -mfpu=fpv4-sp-d16 -mfloat-abi=hard -mthumb -Wl,--start-group -lc -lm -Wl,--end-group
Finished building target: LAB_2.elf
 
arm-none-eabi-size  LAB_2.elf 
arm-none-eabi-objdump -h -S LAB_2.elf  > "LAB_2.list"
   text	   data	    bss	    dec	    hex	filename
  34196	     92	   2672	  36960	   9060	LAB_2.elf
Finished building: default.size.stdout
 
Finished building: LAB_2.list
 
20:33:20 **** Incremental Build of configuration Debug for project LAB_2 ****
make -j12 all 
arm-none-eabi-gcc "../Core/Src/main.c" -mcpu=cortex-m4 -std=gnu11 -g3 -DDEBUG -DUSE_HAL_DRIVER -DSTM32G474xx -c -I../Core/Inc -I../Drivers/STM32G4xx_HAL_Driver/Inc -I../Drivers/STM32G4xx_HAL_Driver/Inc/Legacy -I../Drivers/CMSIS/Device/ST/STM32G4xx/Include -I../Drivers/CMSIS/Include -I../Middlewares/Third_Party/ARM_CMSIS/CMSIS/Core/Include/ -I../Middlewares/Third_Party/ARM_CMSIS/PrivateInclude/ -I../Middlewares/Third_Party/ARM_CMSIS/Include/ -I../Middlewares/Third_Party/ARM_CMSIS/Include -I"E:/Fibo_2_2/FRA222_microcon/LAB_II/LAB_2/Source/BasicMathFunctions" -I"E:/Fibo_2_2/FRA222_microcon/LAB_II/LAB_2/Source/BayesFunctions" -I"E:/Fibo_2_2/FRA222_microcon/LAB_II/LAB_2/Source/CommonTables" -I"E:/Fibo_2_2/FRA222_microcon/LAB_II/LAB_2/Source/ComplexMathFunctions" -I"E:/Fibo_2_2/FRA222_microcon/LAB_II/LAB_2/Source/ControllerFunctions" -I"E:/Fibo_2_2/FRA222_microcon/LAB_II/LAB_2/Source/DistanceFunctions" -I"E:/Fibo_2_2/FRA222_microcon/LAB_II/LAB_2/Source/FastMathFunctions" -I"E:/Fibo_2_2/FRA222_microcon/LAB_II/LAB_2/Source/FilteringFunctions" -I"E:/Fibo_2_2/FRA222_microcon/LAB_II/LAB_2/Source/InterpolationFunctions" -I"E:/Fibo_2_2/FRA222_microcon/LAB_II/LAB_2/Source/MatrixFunctions" -I"E:/Fibo_2_2/FRA222_microcon/LAB_II/LAB_2/Source/QuaternionMathFunctions" -I"E:/Fibo_2_2/FRA222_microcon/LAB_II/LAB_2/Source/StatisticsFunctions" -I"E:/Fibo_2_2/FRA222_microcon/LAB_II/LAB_2/Source/SupportFunctions" -I"E:/Fibo_2_2/FRA222_microcon/LAB_II/LAB_2/Source/SVMFunctions" -I"E:/Fibo_2_2/FRA222_microcon/LAB_II/LAB_2/Source/TransformFunctions" -I"E:/Fibo_2_2/FRA222_microcon/LAB_II/LAB_2/Source/WindowFunctions" -O0 -ffunction-sections -fdata-sections -Wall -fstack-usage -fcyclomatic-complexity -MMD -MP -MF"Core/Src/main.d" -MT"Core/Src/main.o" --specs=nano.specs -mfpu=fpv4-sp-d16 -mfloat-abi=hard -mthumb -o "Core/Src/main.o"
../Core/Src/main.c: In function 'main':
../Core/Src/main.c:136:29: warning: passing argument 2 of 'HAL_ADC_Start_DMA' from incompatible pointer type [-Wincompatible-pointer-types]
  136 |   HAL_ADC_Start_DMA(&hadc1, ADC_RawRead, 2);
      |                             ^~~~~~~~~~~
      |                             |
      |                             uint16_t * {aka short unsigned int *}
In file included from ../Core/Inc/stm32g4xx_hal_conf.h:228,
                 from ../Drivers/STM32G4xx_HAL_Driver/Inc/stm32g4xx_hal.h:29,
                 from ../Core/Inc/main.h:30,
                 from ../Core/Src/main.c:20:
../Drivers/STM32G4xx_HAL_Driver/Inc/stm32g4xx_hal_adc.h:2242:78: note: expected 'uint32_t *' {aka 'long unsigned int *'} but argument is of type 'uint16_t *' {aka 'short unsigned int *'}
 2242 | HAL_StatusTypeDef       HAL_ADC_Start_DMA(ADC_HandleTypeDef *hadc, uint32_t *pData, uint32_t Length);
      |                                                                    ~~~~~~~~~~^~~~~
arm-none-eabi-gcc -o "LAB_2.elf" @"objects.list"   -mcpu=cortex-m4 -T"E:\Fibo_2_2\FRA222_microcon\LAB_II\LAB_2\STM32G474RETX_FLASH.ld" --specs=nosys.specs -Wl,-Map="LAB_2.map" -Wl,--gc-sections -static --specs=nano.specs -mfpu=fpv4-sp-d16 -mfloat-abi=hard -mthumb -Wl,--start-group -lc -lm -Wl,--end-group
Finished building target: LAB_2.elf
 
arm-none-eabi-size  LAB_2.elf 
arm-none-eabi-objdump -h -S LAB_2.elf  > "LAB_2.list"
   text	   data	    bss	    dec	    hex	filename
  34196	     92	   2672	  36960	   9060	LAB_2.elf
Finished building: default.size.stdout
 
Finished building: LAB_2.list
 
20:37:46 **** Incremental Build of configuration Debug for project LAB_2 ****
make -j12 all 
arm-none-eabi-gcc "../Core/Src/main.c" -mcpu=cortex-m4 -std=gnu11 -g3 -DDEBUG -DUSE_HAL_DRIVER -DSTM32G474xx -c -I../Core/Inc -I../Drivers/STM32G4xx_HAL_Driver/Inc -I../Drivers/STM32G4xx_HAL_Driver/Inc/Legacy -I../Drivers/CMSIS/Device/ST/STM32G4xx/Include -I../Drivers/CMSIS/Include -I../Middlewares/Third_Party/ARM_CMSIS/CMSIS/Core/Include/ -I../Middlewares/Third_Party/ARM_CMSIS/PrivateInclude/ -I../Middlewares/Third_Party/ARM_CMSIS/Include/ -I../Middlewares/Third_Party/ARM_CMSIS/Include -I"E:/Fibo_2_2/FRA222_microcon/LAB_II/LAB_2/Source/BasicMathFunctions" -I"E:/Fibo_2_2/FRA222_microcon/LAB_II/LAB_2/Source/BayesFunctions" -I"E:/Fibo_2_2/FRA222_microcon/LAB_II/LAB_2/Source/CommonTables" -I"E:/Fibo_2_2/FRA222_microcon/LAB_II/LAB_2/Source/ComplexMathFunctions" -I"E:/Fibo_2_2/FRA222_microcon/LAB_II/LAB_2/Source/ControllerFunctions" -I"E:/Fibo_2_2/FRA222_microcon/LAB_II/LAB_2/Source/DistanceFunctions" -I"E:/Fibo_2_2/FRA222_microcon/LAB_II/LAB_2/Source/FastMathFunctions" -I"E:/Fibo_2_2/FRA222_microcon/LAB_II/LAB_2/Source/FilteringFunctions" -I"E:/Fibo_2_2/FRA222_microcon/LAB_II/LAB_2/Source/InterpolationFunctions" -I"E:/Fibo_2_2/FRA222_microcon/LAB_II/LAB_2/Source/MatrixFunctions" -I"E:/Fibo_2_2/FRA222_microcon/LAB_II/LAB_2/Source/QuaternionMathFunctions" -I"E:/Fibo_2_2/FRA222_microcon/LAB_II/LAB_2/Source/StatisticsFunctions" -I"E:/Fibo_2_2/FRA222_microcon/LAB_II/LAB_2/Source/SupportFunctions" -I"E:/Fibo_2_2/FRA222_microcon/LAB_II/LAB_2/Source/SVMFunctions" -I"E:/Fibo_2_2/FRA222_microcon/LAB_II/LAB_2/Source/TransformFunctions" -I"E:/Fibo_2_2/FRA222_microcon/LAB_II/LAB_2/Source/WindowFunctions" -O0 -ffunction-sections -fdata-sections -Wall -fstack-usage -fcyclomatic-complexity -MMD -MP -MF"Core/Src/main.d" -MT"Core/Src/main.o" --specs=nano.specs -mfpu=fpv4-sp-d16 -mfloat-abi=hard -mthumb -o "Core/Src/main.o"
../Core/Src/main.c: In function 'main':
../Core/Src/main.c:136:29: warning: passing argument 2 of 'HAL_ADC_Start_DMA' from incompatible pointer type [-Wincompatible-pointer-types]
  136 |   HAL_ADC_Start_DMA(&hadc1, ADC_RawRead, 2);
      |                             ^~~~~~~~~~~
      |                             |
      |                             uint16_t * {aka short unsigned int *}
In file included from ../Core/Inc/stm32g4xx_hal_conf.h:228,
                 from ../Drivers/STM32G4xx_HAL_Driver/Inc/stm32g4xx_hal.h:29,
                 from ../Core/Inc/main.h:30,
                 from ../Core/Src/main.c:20:
../Drivers/STM32G4xx_HAL_Driver/Inc/stm32g4xx_hal_adc.h:2242:78: note: expected 'uint32_t *' {aka 'long unsigned int *'} but argument is of type 'uint16_t *' {aka 'short unsigned int *'}
 2242 | HAL_StatusTypeDef       HAL_ADC_Start_DMA(ADC_HandleTypeDef *hadc, uint32_t *pData, uint32_t Length);
      |                                                                    ~~~~~~~~~~^~~~~
arm-none-eabi-gcc -o "LAB_2.elf" @"objects.list"   -mcpu=cortex-m4 -T"E:\Fibo_2_2\FRA222_microcon\LAB_II\LAB_2\STM32G474RETX_FLASH.ld" --specs=nosys.specs -Wl,-Map="LAB_2.map" -Wl,--gc-sections -static --specs=nano.specs -mfpu=fpv4-sp-d16 -mfloat-abi=hard -mthumb -Wl,--start-group -lc -lm -Wl,--end-group
Finished building target: LAB_2.elf
 
arm-none-eabi-size  LAB_2.elf 
arm-none-eabi-objdump -h -S LAB_2.elf  > "LAB_2.list"
   text	   data	    bss	    dec	    hex	filename
  34196	     92	   2672	  36960	   9060	LAB_2.elf
Finished building: default.size.stdout
 
Finished building: LAB_2.list
 
20:40:28 **** Incremental Build of configuration Debug for project LAB_2 ****
make -j12 all 
arm-none-eabi-gcc "../Core/Src/main.c" -mcpu=cortex-m4 -std=gnu11 -g3 -DDEBUG -DUSE_HAL_DRIVER -DSTM32G474xx -c -I../Core/Inc -I../Drivers/STM32G4xx_HAL_Driver/Inc -I../Drivers/STM32G4xx_HAL_Driver/Inc/Legacy -I../Drivers/CMSIS/Device/ST/STM32G4xx/Include -I../Drivers/CMSIS/Include -I../Middlewares/Third_Party/ARM_CMSIS/CMSIS/Core/Include/ -I../Middlewares/Third_Party/ARM_CMSIS/PrivateInclude/ -I../Middlewares/Third_Party/ARM_CMSIS/Include/ -I../Middlewares/Third_Party/ARM_CMSIS/Include -I"E:/Fibo_2_2/FRA222_microcon/LAB_II/LAB_2/Source/BasicMathFunctions" -I"E:/Fibo_2_2/FRA222_microcon/LAB_II/LAB_2/Source/BayesFunctions" -I"E:/Fibo_2_2/FRA222_microcon/LAB_II/LAB_2/Source/CommonTables" -I"E:/Fibo_2_2/FRA222_microcon/LAB_II/LAB_2/Source/ComplexMathFunctions" -I"E:/Fibo_2_2/FRA222_microcon/LAB_II/LAB_2/Source/ControllerFunctions" -I"E:/Fibo_2_2/FRA222_microcon/LAB_II/LAB_2/Source/DistanceFunctions" -I"E:/Fibo_2_2/FRA222_microcon/LAB_II/LAB_2/Source/FastMathFunctions" -I"E:/Fibo_2_2/FRA222_microcon/LAB_II/LAB_2/Source/FilteringFunctions" -I"E:/Fibo_2_2/FRA222_microcon/LAB_II/LAB_2/Source/InterpolationFunctions" -I"E:/Fibo_2_2/FRA222_microcon/LAB_II/LAB_2/Source/MatrixFunctions" -I"E:/Fibo_2_2/FRA222_microcon/LAB_II/LAB_2/Source/QuaternionMathFunctions" -I"E:/Fibo_2_2/FRA222_microcon/LAB_II/LAB_2/Source/StatisticsFunctions" -I"E:/Fibo_2_2/FRA222_microcon/LAB_II/LAB_2/Source/SupportFunctions" -I"E:/Fibo_2_2/FRA222_microcon/LAB_II/LAB_2/Source/SVMFunctions" -I"E:/Fibo_2_2/FRA222_microcon/LAB_II/LAB_2/Source/TransformFunctions" -I"E:/Fibo_2_2/FRA222_microcon/LAB_II/LAB_2/Source/WindowFunctions" -O0 -ffunction-sections -fdata-sections -Wall -fstack-usage -fcyclomatic-complexity -MMD -MP -MF"Core/Src/main.d" -MT"Core/Src/main.o" --specs=nano.specs -mfpu=fpv4-sp-d16 -mfloat-abi=hard -mthumb -o "Core/Src/main.o"
../Core/Src/main.c: In function 'main':
../Core/Src/main.c:136:29: warning: passing argument 2 of 'HAL_ADC_Start_DMA' from incompatible pointer type [-Wincompatible-pointer-types]
  136 |   HAL_ADC_Start_DMA(&hadc1, ADC_RawRead, 2);
      |                             ^~~~~~~~~~~
      |                             |
      |                             uint16_t * {aka short unsigned int *}
In file included from ../Core/Inc/stm32g4xx_hal_conf.h:228,
                 from ../Drivers/STM32G4xx_HAL_Driver/Inc/stm32g4xx_hal.h:29,
                 from ../Core/Inc/main.h:30,
                 from ../Core/Src/main.c:20:
../Drivers/STM32G4xx_HAL_Driver/Inc/stm32g4xx_hal_adc.h:2242:78: note: expected 'uint32_t *' {aka 'long unsigned int *'} but argument is of type 'uint16_t *' {aka 'short unsigned int *'}
 2242 | HAL_StatusTypeDef       HAL_ADC_Start_DMA(ADC_HandleTypeDef *hadc, uint32_t *pData, uint32_t Length);
      |                                                                    ~~~~~~~~~~^~~~~
arm-none-eabi-gcc -o "LAB_2.elf" @"objects.list"   -mcpu=cortex-m4 -T"E:\Fibo_2_2\FRA222_microcon\LAB_II\LAB_2\STM32G474RETX_FLASH.ld" --specs=nosys.specs -Wl,-Map="LAB_2.map" -Wl,--gc-sections -static --specs=nano.specs -mfpu=fpv4-sp-d16 -mfloat-abi=hard -mthumb -Wl,--start-group -lc -lm -Wl,--end-group
Finished building target: LAB_2.elf
 
arm-none-eabi-size  LAB_2.elf 
arm-none-eabi-objdump -h -S LAB_2.elf  > "LAB_2.list"
   text	   data	    bss	    dec	    hex	filename
  34196	     92	   2672	  36960	   9060	LAB_2.elf
Finished building: default.size.stdout
 
Finished building: LAB_2.list
 
