18:42:48 **** Incremental Build of configuration Debug for project LAB_2 ****
make -j12 all 
arm-none-eabi-gcc "../Core/Src/main.c" -mcpu=cortex-m4 -std=gnu11 -g3 -DDEBUG -DUSE_HAL_DRIVER -DSTM32G474xx -c -I../Core/Inc -I../Drivers/STM32G4xx_HAL_Driver/Inc -I../Drivers/STM32G4xx_HAL_Driver/Inc/Legacy -I../Drivers/CMSIS/Device/ST/STM32G4xx/Include -I../Drivers/CMSIS/Include -I../Middlewares/Third_Party/ARM_CMSIS/CMSIS/Core/Include/ -I../Middlewares/Third_Party/ARM_CMSIS/PrivateInclude/ -I../Middlewares/Third_Party/ARM_CMSIS/Include/ -I../Middlewares/Third_Party/ARM_CMSIS/Include -I"E:/Fibo_2_2/FRA222_microcon/LAB_II/LAB_2/Source/BasicMathFunctions" -I"E:/Fibo_2_2/FRA222_microcon/LAB_II/LAB_2/Source/BayesFunctions" -I"E:/Fibo_2_2/FRA222_microcon/LAB_II/LAB_2/Source/CommonTables" -I"E:/Fibo_2_2/FRA222_microcon/LAB_II/LAB_2/Source/ComplexMathFunctions" -I"E:/Fibo_2_2/FRA222_microcon/LAB_II/LAB_2/Source/ControllerFunctions" -I"E:/Fibo_2_2/FRA222_microcon/LAB_II/LAB_2/Source/DistanceFunctions" -I"E:/Fibo_2_2/FRA222_microcon/LAB_II/LAB_2/Source/FastMathFunctions" -I"E:/Fibo_2_2/FRA222_microcon/LAB_II/LAB_2/Source/FilteringFunctions" -I"E:/Fibo_2_2/FRA222_microcon/LAB_II/LAB_2/Source/InterpolationFunctions" -I"E:/Fibo_2_2/FRA222_microcon/LAB_II/LAB_2/Source/MatrixFunctions" -I"E:/Fibo_2_2/FRA222_microcon/LAB_II/LAB_2/Source/QuaternionMathFunctions" -I"E:/Fibo_2_2/FRA222_microcon/LAB_II/LAB_2/Source/StatisticsFunctions" -I"E:/Fibo_2_2/FRA222_microcon/LAB_II/LAB_2/Source/SupportFunctions" -I"E:/Fibo_2_2/FRA222_microcon/LAB_II/LAB_2/Source/SVMFunctions" -I"E:/Fibo_2_2/FRA222_microcon/LAB_II/LAB_2/Source/TransformFunctions" -I"E:/Fibo_2_2/FRA222_microcon/LAB_II/LAB_2/Source/WindowFunctions" -O0 -ffunction-sections -fdata-sections -Wall -fstack-usage -fcyclomatic-complexity -MMD -MP -MF"Core/Src/main.d" -MT"Core/Src/main.o" --specs=nano.specs -mfpu=fpv4-sp-d16 -mfloat-abi=hard -mthumb -o "Core/Src/main.o"
../Core/Src/main.c: In function 'main':
../Core/Src/main.c:124:29: warning: passing argument 2 of 'HAL_ADC_Start_DMA' from incompatible pointer type [-Wincompatible-pointer-types]
  124 |   HAL_ADC_Start_DMA(&hadc1, ADC_RawRead, 2);
      |                             ^~~~~~~~~~~
      |                             |
      |                             uint16_t * {aka short unsigned int *}
In file included from ../Core/Inc/stm32g4xx_hal_conf.h:228,
                 from ../Drivers/STM32G4xx_HAL_Driver/Inc/stm32g4xx_hal.h:29,
                 from ../Core/Inc/main.h:30,
                 from ../Core/Src/main.c:20:
../Drivers/STM32G4xx_HAL_Driver/Inc/stm32g4xx_hal_adc.h:2242:78: note: expected 'uint32_t *' {aka 'long unsigned int *'} but argument is of type 'uint16_t *' {aka 'short unsigned int *'}
 2242 | HAL_StatusTypeDef       HAL_ADC_Start_DMA(ADC_HandleTypeDef *hadc, uint32_t *pData, uint32_t Length);
      |                                                                    ~~~~~~~~~~^~~~~
../Core/Src/main.c:149:25: warning: implicit declaration of function 'Part_I_PID_ADC' [-Wimplicit-function-declaration]
  149 |           if(Mode == 0) Part_I_PID_ADC();
      |                         ^~~~~~~~~~~~~~
../Core/Src/main.c: At top level:
../Core/Src/main.c:506:6: warning: conflicting types for 'Part_I_PID_ADC'; have 'void()'
  506 | void Part_I_PID_ADC(){
      |      ^~~~~~~~~~~~~~
../Core/Src/main.c:149:25: note: previous implicit declaration of 'Part_I_PID_ADC' with type 'void()'
  149 |           if(Mode == 0) Part_I_PID_ADC();
      |                         ^~~~~~~~~~~~~~
arm-none-eabi-gcc -o "LAB_2.elf" @"objects.list"   -mcpu=cortex-m4 -T"E:\Fibo_2_2\FRA222_microcon\LAB_II\LAB_2\STM32G474RETX_FLASH.ld" --specs=nosys.specs -Wl,-Map="LAB_2.map" -Wl,--gc-sections -static --specs=nano.specs -mfpu=fpv4-sp-d16 -mfloat-abi=hard -mthumb -Wl,--start-group -lc -lm -Wl,--end-group
Finished building target: LAB_2.elf
 
arm-none-eabi-size  LAB_2.elf 
arm-none-eabi-objdump -h -S LAB_2.elf  > "LAB_2.list"
   text	   data	    bss	    dec	    hex	filename
  32156	     92	   2480	  34728	   87a8	LAB_2.elf
Finished building: default.size.stdout
 
Finished building: LAB_2.list
 

18:42:50 Build Finished. 0 errors, 3 warnings. (took 1s.798ms)

